Component: ARM Compiler 5.06 update 7 (build 960) Tool: armlink [4d3601]

==============================================================================

Section Cross References

    startup_stm32f10x_hd.o(STACK) refers (Special) to heapauxi.o(.text) for __use_two_region_memory
    startup_stm32f10x_hd.o(HEAP) refers (Special) to heapauxi.o(.text) for __use_two_region_memory
    startup_stm32f10x_hd.o(RESET) refers (Special) to heapauxi.o(.text) for __use_two_region_memory
    startup_stm32f10x_hd.o(RESET) refers to startup_stm32f10x_hd.o(STACK) for __initial_sp
    startup_stm32f10x_hd.o(RESET) refers to startup_stm32f10x_hd.o(.text) for Reset_Handler
    startup_stm32f10x_hd.o(RESET) refers to usart.o(i.USART1_IRQHandler) for USART1_IRQHandler
    startup_stm32f10x_hd.o(RESET) refers to usart2.o(i.USART2_IRQHandler) for USART2_IRQHandler
    startup_stm32f10x_hd.o(RESET) refers to usart2.o(i.USART3_IRQHandler) for USART3_IRQHandler
    startup_stm32f10x_hd.o(RESET) refers to usart2.o(i.UART4_IRQHandler) for UART4_IRQHandler
    startup_stm32f10x_hd.o(RESET) refers to usart2.o(i.UART5_IRQHandler) for UART5_IRQHandler
    startup_stm32f10x_hd.o(RESET) refers to timer.o(i.TIM6_IRQHandler) for TIM6_IRQHandler
    startup_stm32f10x_hd.o(.text) refers (Special) to heapauxi.o(.text) for __use_two_region_memory
    startup_stm32f10x_hd.o(.text) refers to __main.o(!!!main) for __main
    startup_stm32f10x_hd.o(.text) refers to startup_stm32f10x_hd.o(HEAP) for Heap_Mem
    startup_stm32f10x_hd.o(.text) refers to startup_stm32f10x_hd.o(STACK) for Stack_Mem
    transferrobot.o(i.main) refers to sys.o(i.Stm32_Clock_Init) for Stm32_Clock_Init
    transferrobot.o(i.main) refers to usart.o(i.uart_init) for uart_init
    transferrobot.o(i.main) refers to delay.o(i.delay_init) for delay_init
    transferrobot.o(i.main) refers to usart2.o(i.usart2_init) for usart2_init
    transferrobot.o(i.main) refers to usart2.o(i.uart4_init) for uart4_init
    transferrobot.o(i.main) refers to usart2.o(i.uart5_init) for uart5_init
    transferrobot.o(i.main) refers to timer.o(i.LED_Init) for LED_Init
    transferrobot.o(i.main) refers to timer.o(i.TIM6_Int_Init) for TIM6_Int_Init
    transferrobot.o(i.main) refers to bj_motor.o(i.BJ_Motor_Init) for BJ_Motor_Init
    transferrobot.o(i.main) refers to servo.o(i.TIM3_PWM_Init) for TIM3_PWM_Init
    transferrobot.o(i.main) refers to servo.o(i.TIM4_PWM_Init) for TIM4_PWM_Init
    transferrobot.o(i.main) refers to openmv.o(i.IO_init) for IO_init
    transferrobot.o(i.main) refers to tasks.o(i.xTaskCreate) for xTaskCreate
    transferrobot.o(i.main) refers to tasks.o(i.vTaskStartScheduler) for vTaskStartScheduler
    transferrobot.o(i.main) refers to transferrobot.o(i.vTaskComInit) for vTaskComInit
    transferrobot.o(i.main) refers to transferrobot.o(i.vTaskMotorControl) for vTaskMotorControl
    transferrobot.o(i.main) refers to transferrobot.o(i.vTaskServoControl) for vTaskServoControl
    transferrobot.o(i.main) refers to transferrobot.o(i.vTaskMainLoop) for vTaskMainLoop
    transferrobot.o(i.vTaskComInit) refers to tasks.o(i.vTaskDelay) for vTaskDelay
    transferrobot.o(i.vTaskComInit) refers to usart2.o(i.uart4_sendString) for uart4_sendString
    transferrobot.o(i.vTaskComInit) refers to tasks.o(i.vTaskDelete) for vTaskDelete
    transferrobot.o(i.vTaskComInit) refers to control.o(.data) for NO_flag
    transferrobot.o(i.vTaskMainLoop) refers to tasks.o(i.vTaskDelay) for vTaskDelay
    transferrobot.o(i.vTaskMotorControl) refers to control.o(i.Task_1) for Task_1
    transferrobot.o(i.vTaskMotorControl) refers to control.o(i.Task_2) for Task_2
    transferrobot.o(i.vTaskMotorControl) refers to tasks.o(i.vTaskDelete) for vTaskDelete
    transferrobot.o(i.vTaskServoControl) refers to servo.o(i.Servo_data) for Servo_data
    transferrobot.o(i.vTaskServoControl) refers to tasks.o(i.vTaskDelay) for vTaskDelay
    transferrobot.o(i.vTaskServoControl) refers to tasks.o(i.vTaskDelete) for vTaskDelete
    transferrobot.o(i.vTaskServoControl) refers to servo.o(.data) for Target_claw
    delay.o(i.delay_init) refers to delay.o(.data) for fac_us
    delay.o(i.delay_ms) refers to delay.o(.data) for fac_ms
    delay.o(i.delay_us) refers to delay.o(.data) for fac_us
    sys.o(i.MYRCC_DeInit) refers to sys.o(i.MY_NVIC_SetVectorTable) for MY_NVIC_SetVectorTable
    sys.o(i.MY_NVIC_Init) refers to sys.o(i.MY_NVIC_PriorityGroupConfig) for MY_NVIC_PriorityGroupConfig
    sys.o(i.Stm32_Clock_Init) refers to sys.o(i.MYRCC_DeInit) for MYRCC_DeInit
    sys.o(i.Sys_Standby) refers to sys.o(i.WFI_SET) for WFI_SET
    usart.o(i.USART1_IRQHandler) refers (Special) to use_no_semi_2.o(.text) for __use_no_semihosting
    usart.o(i.USART1_IRQHandler) refers to usart.o(.data) for USART_RX_STA
    usart.o(i.USART1_IRQHandler) refers to usart.o(.bss) for USART_RX_BUF
    usart.o(i._sys_exit) refers (Special) to use_no_semi_2.o(.text) for __use_no_semihosting
[...]
    _get_lc_collate                           - Undefined Weak Reference
    _get_lc_monetary                          - Undefined Weak Reference
    _get_lc_time                              - Undefined Weak Reference
    _getenv_init                              - Undefined Weak Reference
    _handle_redirection                       - Undefined Weak Reference
    _init_alloc                               - Undefined Weak Reference
    _init_user_alloc                          - Undefined Weak Reference
    _initio                                   - Undefined Weak Reference
    _mutex_acquire                            - Undefined Weak Reference
    _mutex_release                            - Undefined Weak Reference
    _printf_fp_hex                            - Undefined Weak Reference
    _printf_mbtowc                            - Undefined Weak Reference
    _printf_wc                                - Undefined Weak Reference
    _rand_init                                - Undefined Weak Reference
    _signal_finish                            - Undefined Weak Reference
    _signal_init                              - Undefined Weak Reference
    _terminate_alloc                          - Undefined Weak Reference
    _terminate_user_alloc                     - Undefined Weak Reference
    _terminateio                              - Undefined Weak Reference
    __Vectors_Size                           0x00000130   Number         0  startup_stm32f10x_hd.o ABSOLUTE
    __Vectors                                0x08000000   Data           4  startup_stm32f10x_hd.o(RESET)
    __Vectors_End                            0x08000130   Data           0  startup_stm32f10x_hd.o(RESET)
    __main                                   0x08000131   Thumb Code     8  __main.o(!!!main)
    __scatterload                            0x08000139   Thumb Code     0  __scatter.o(!!!scatter)
    __scatterload_rt2                        0x08000139   Thumb Code    44  __scatter.o(!!!scatter)
    __scatterload_rt2_thumb_only             0x08000139   Thumb Code     0  __scatter.o(!!!scatter)
    __scatterload_null                       0x08000147   Thumb Code     0  __scatter.o(!!!scatter)
    __decompress                             0x0800016d   Thumb Code    90  __dczerorl2.o(!!dczerorl2)
    __decompress1                            0x0800016d   Thumb Code     0  __dczerorl2.o(!!dczerorl2)
    __scatterload_zeroinit                   0x080001c9   Thumb Code    28  __scatter_zi.o(!!handler_zi)
    _printf_n                                0x080001e5   Thumb Code     0  _printf_n.o(.ARM.Collect$$_printf_percent$$00000001)
    _printf_percent                          0x080001e5   Thumb Code     0  _printf_percent.o(.ARM.Collect$$_printf_percent$$00000000)
    _printf_p                                0x080001eb   Thumb Code     0  _printf_p.o(.ARM.Collect$$_printf_percent$$00000002)
    _printf_f                                0x080001f1   Thumb Code     0  _printf_f.o(.ARM.Collect$$_printf_percent$$00000003)
    _printf_e                                0x080001f7   Thumb Code     0  _printf_e.o(.ARM.Collect$$_printf_percent$$00000004)
    _printf_g                                0x080001fd   Thumb Code     0  _printf_g.o(.ARM.Collect$$_printf_percent$$00000005)
    _printf_a                                0x08000203   Thumb Code     0  _printf_a.o(.ARM.Collect$$_printf_percent$$00000006)
    _printf_ll                               0x08000209   Thumb Code     0  _printf_ll.o(.ARM.Collect$$_printf_percent$$00000007)
    _printf_i                                0x08000213   Thumb Code     0  _printf_i.o(.ARM.Collect$$_printf_percent$$00000008)
    _printf_d                                0x08000219   Thumb Code     0  _printf_d.o(.ARM.Collect$$_printf_percent$$00000009)
    _printf_u                                0x0800021f   Thumb Code     0  _printf_u.o(.ARM.Collect$$_printf_percent$$0000000A)
    _printf_o                                0x08000225   Thumb Code     0  _printf_o.o(.ARM.Collect$$_printf_percent$$0000000B)
    _printf_x                                0x0800022b   Thumb Code     0  _printf_x.o(.ARM.Collect$$_printf_percent$$0000000C)
    _printf_lli                              0x08000231   Thumb Code     0  _printf_lli.o(.ARM.Collect$$_printf_percent$$0000000D)
    _printf_lld                              0x08000237   Thumb Code     0  _printf_lld.o(.ARM.Collect$$_printf_percent$$0000000E)
    _printf_llu                              0x0800023d   Thumb Code     0  _printf_llu.o(.ARM.Collect$$_printf_percent$$0000000F)
    _printf_llo                              0x08000243   Thumb Code     0  _printf_llo.o(.ARM.Collect$$_printf_percent$$00000010)
    _printf_llx                              0x08000249   Thumb Code     0  _printf_llx.o(.ARM.Collect$$_printf_percent$$00000011)
    _printf_l                                0x0800024f   Thumb Code     0  _printf_l.o(.ARM.Collect$$_printf_percent$$00000012)
    _printf_c                                0x08000259   Thumb Code     0  _printf_c.o(.ARM.Collect$$_printf_percent$$00000013)
    _printf_s                                0x0800025f   Thumb Code     0  _printf_s.o(.ARM.Collect$$_printf_percent$$00000014)
    _printf_lc                               0x08000265   Thumb Code     0  _printf_lc.o(.ARM.Collect$$_printf_percent$$00000015)
    _printf_ls                               0x0800026b   Thumb Code     0  _printf_ls.o(.ARM.Collect$$_printf_percent$$00000016)
    _printf_percent_end                      0x08000271   Thumb Code     0  _printf_percent_end.o(.ARM.Collect$$_printf_percent$$00000017)
    __rt_lib_init                            0x08000275   Thumb Code     0  libinit.o(.ARM.Collect$$libinit$$00000000)
    __rt_lib_init_fp_1                       0x08000277   Thumb Code     0  libinit2.o(.ARM.Collect$$libinit$$00000002)
    __rt_lib_init_heap_1                     0x08000277   Thumb Code     0  libinit2.o(.ARM.Collect$$libinit$$0000000A)
    __rt_lib_init_lc_common                  0x08000277   Thumb Code     0  libinit2.o(.ARM.Collect$$libinit$$0000000F)
    __rt_lib_init_preinit_1                  0x08000277   Thumb Code     0  libinit2.o(.ARM.Collect$$libinit$$00000004)
    __rt_lib_init_rand_1                     0x08000277   Thumb Code     0  libinit2.o(.ARM.Collect$$libinit$$0000000E)
    __rt_lib_init_user_alloc_1               0x08000277   Thumb Code     0  libinit2.o(.ARM.Collect$$libinit$$0000000C)
    __rt_lib_init_lc_collate_1               0x0800027d   Thumb Code     0  libinit2.o(.ARM.Collect$$libinit$$00000011)
    __rt_lib_init_lc_ctype_2                 0x0800027d   Thumb Code     0  libinit2.o(.ARM.Collect$$libinit$$00000012)
    __rt_lib_init_lc_ctype_1                 0x08000289   Thumb Code     0  libinit2.o(.ARM.Collect$$libinit$$00000013)
    __rt_lib_init_lc_monetary_1              0x08000289   Thumb Code     0  libinit2.o(.ARM.Collect$$libinit$$00000015)
    __rt_lib_init_lc_numeric_2               0x08000289   Thumb Code     0  libinit2.o(.ARM.Collect$$libinit$$00000016)
    __rt_lib_init_alloca_1                   0x08000293   Thumb Code     0  libinit2.o(.ARM.Collect$$libinit$$0000002E)
    __rt_lib_init_argv_1                     0x08000293   Thumb Code     0  libinit2.o(.ARM.Collect$$libinit$$0000002C)
    __rt_lib_init_atexit_1                   0x08000293   Thumb Code     0  libinit2.o(.ARM.Collect$$libinit$$0000001B)
    __rt_lib_init_clock_1                    0x08000293   Thumb Code     0  libinit2.o(.ARM.Collect$$libinit$$00000021)
    __rt_lib_init_cpp_1                      0x08000293   Thumb Code     0  libinit2.o(.ARM.Collect$$libinit$$00000032)
    __rt_lib_init_exceptions_1               0x08000293   Thumb Code     0  libinit2.o(.ARM.Collect$$libinit$$00000030)
    __rt_lib_init_fp_trap_1                  0x08000293   Thumb Code     0  libinit2.o(.ARM.Collect$$libinit$$0000001F)
    __rt_lib_init_getenv_1                   0x08000293   Thumb Code     0  libinit2.o(.ARM.Collect$$libinit$$00000023)
    __rt_lib_init_lc_numeric_1               0x08000293   Thumb Code     0  libinit2.o(.ARM.Collect$$libinit$$00000017)
    __rt_lib_init_lc_time_1                  0x08000293   Thumb Code     0  libinit2.o(.ARM.Collect$$libinit$$00000019)
    __rt_lib_init_return                     0x08000293   Thumb Code     0  libinit2.o(.ARM.Collect$$libinit$$00000033)
    __rt_lib_init_signal_1                   0x08000293   Thumb Code     0  libinit2.o(.ARM.Collect$$libinit$$0000001D)
    __rt_lib_init_stdio_1                    0x08000293   Thumb Code     0  libinit2.o(.ARM.Collect$$libinit$$00000025)
    __rt_lib_shutdown                        0x08000295   Thumb Code     0  libshutdown.o(.ARM.Collect$$libshutdown$$00000000)
    __rt_lib_shutdown_cpp_1                  0x08000297   Thumb Code     0  libshutdown2.o(.ARM.Collect$$libshutdown$$00000004)
    __rt_lib_shutdown_fini_1                 0x08000297   Thumb Code     0  libshutdown2.o(.ARM.Collect$$libshutdown$$00000002)
    __rt_lib_shutdown_fp_trap_1              0x08000297   Thumb Code     0  libshutdown2.o(.ARM.Collect$$libshutdown$$00000009)
    __rt_lib_shutdown_heap_1                 0x08000297   Thumb Code     0  libshutdown2.o(.ARM.Collect$$libshutdown$$00000011)
    __rt_lib_shutdown_return                 0x08000297   Thumb Code     0  libshutdown2.o(.ARM.Collect$$libshutdown$$00000012)
    __rt_lib_shutdown_signal_1               0x08000297   Thumb Code     0  libshutdown2.o(.ARM.Collect$$libshutdown$$0000000C)
    __rt_lib_shutdown_stdio_1                0x08000297   Thumb Code     0  libshutdown2.o(.ARM.Collect$$libshutdown$$00000006)
    __rt_lib_shutdown_user_alloc_1           0x08000297   Thumb Code     0  libshutdown2.o(.ARM.Collect$$libshutdown$$0000000E)
    __rt_entry                               0x08000299   Thumb Code     0  __rtentry.o(.ARM.Collect$$rtentry$$00000000)
    __rt_entry_presh_1                       0x08000299   Thumb Code     0  __rtentry2.o(.ARM.Collect$$rtentry$$00000002)
    __rt_entry_sh                            0x08000299   Thumb Code     0  __rtentry4.o(.ARM.Collect$$rtentry$$00000004)
    __rt_entry_li                            0x0800029f   Thumb Code     0  __rtentry2.o(.ARM.Collect$$rtentry$$0000000A)
    __rt_entry_postsh_1                      0x0800029f   Thumb Code     0  __rtentry2.o(.ARM.Collect$$rtentry$$00000009)
    __rt_entry_main                          0x080002a3   Thumb Code     0  __rtentry2.o(.ARM.Collect$$rtentry$$0000000D)
    __rt_entry_postli_1                      0x080002a3   Thumb Code     0  __rtentry2.o(.ARM.Collect$$rtentry$$0000000C)
    __rt_exit                                0x080002ab   Thumb Code     0  rtexit.o(.ARM.Collect$$rtexit$$00000000)
    __rt_exit_ls                             0x080002ad   Thumb Code     0  rtexit2.o(.ARM.Collect$$rtexit$$00000003)
    __rt_exit_prels_1                        0x080002ad   Thumb Code     0  rtexit2.o(.ARM.Collect$$rtexit$$00000002)
    __rt_exit_exit                           0x080002b1   Thumb Code     0  rtexit2.o(.ARM.Collect$$rtexit$$00000004)
    vPortSVCHandler                          0x080002b9   Thumb Code    32  port.o(.emb_text)
    __asm___6_port_c_39a90d8d__prvStartFirstTask 0x080002dd   Thumb Code    28  port.o(.emb_text)
    xPortPendSVHandler                       0x080002fd   Thumb Code    72  port.o(.emb_text)
    vPortGetIPSR                             0x08000349   Thumb Code     6  port.o(.emb_text)
    Reset_Handler                            0x08000351   Thumb Code     4  startup_stm32f10x_hd.o(.text)
    NMI_Handler                              0x08000355   Thumb Code     2  startup_stm32f10x_hd.o(.text)
    HardFault_Handler                        0x08000357   Thumb Code     2  startup_stm32f10x_hd.o(.text)
    MemManage_Handler                        0x08000359   Thumb Code     2  startup_stm32f10x_hd.o(.text)
    BusFault_Handler                         0x0800035b   Thumb Code     2  startup_stm32f10x_hd.o(.text)
    UsageFault_Handler                       0x0800035d   Thumb Code     2  startup_stm32f10x_hd.o(.text)
    SVC_Handler                              0x0800035f   Thumb Code     2  startup_stm32f10x_hd.o(.text)
    DebugMon_Handler                         0x08000361   Thumb Code     2  startup_stm32f10x_hd.o(.text)
    PendSV_Handler                           0x08000363   Thumb Code     2  startup_stm32f10x_hd.o(.text)
    SysTick_Handler                          0x08000365   Thumb Code     2  startup_stm32f10x_hd.o(.text)
    ADC1_2_IRQHandler                        0x08000367   Thumb Code     0  startup_stm32f10x_hd.o(.text)
    ADC3_IRQHandler                          0x08000367   Thumb Code     0  startup_stm32f10x_hd.o(.text)
    CAN1_RX1_IRQHandler                      0x08000367   Thumb Code     0  startup_stm32f10x_hd.o(.text)
    CAN1_SCE_IRQHandler                      0x08000367   Thumb Code     0  startup_stm32f10x_hd.o(.text)
    DMA1_Channel1_IRQHandler                 0x08000367   Thumb Code     0  startup_stm32f10x_hd.o(.text)
    DMA1_Channel2_IRQHandler                 0x08000367   Thumb Code     0  startup_stm32f10x_hd.o(.text)
    DMA1_Channel3_IRQHandler                 0x08000367   Thumb Code     0  startup_stm32f10x_hd.o(.text)
    DMA1_Channel4_IRQHandler                 0x08000367   Thumb Code     0  startup_stm32f10x_hd.o(.text)
    DMA1_Channel5_IRQHandler                 0x08000367   Thumb Code     0  startup_stm32f10x_hd.o(.text)
    DMA1_Channel6_IRQHandler                 0x08000367   Thumb Code     0  startup_stm32f10x_hd.o(.text)
    DMA1_Channel7_IRQHandler                 0x08000367   Thumb Code     0  startup_stm32f10x_hd.o(.text)
    DMA2_Channel1_IRQHandler                 0x08000367   Thumb Code     0  startup_stm32f10x_hd.o(.text)
    DMA2_Channel2_IRQHandler                 0x08000367   Thumb Code     0  startup_stm32f10x_hd.o(.text)
    DMA2_Channel3_IRQHandler                 0x08000367   Thumb Code     0  startup_stm32f10x_hd.o(.text)
    DMA2_Channel4_5_IRQHandler               0x08000367   Thumb Code     0  startup_stm32f10x_hd.o(.text)
    EXTI0_IRQHandler                         0x08000367   Thumb Code     0  startup_stm32f10x_hd.o(.text)
    EXTI15_10_IRQHandler                     0x08000367   Thumb Code     0  startup_stm32f10x_hd.o(.text)
    EXTI1_IRQHandler                         0x08000367   Thumb Code     0  startup_stm32f10x_hd.o(.text)
    EXTI2_IRQHandler                         0x08000367   Thumb Code     0  startup_stm32f10x_hd.o(.text)
    EXTI3_IRQHandler                         0x08000367   Thumb Code     0  startup_stm32f10x_hd.o(.text)
    EXTI4_IRQHandler                         0x08000367   Thumb Code     0  startup_stm32f10x_hd.o(.text)
    EXTI9_5_IRQHandler                       0x08000367   Thumb Code     0  startup_stm32f10x_hd.o(.text)
    FLASH_IRQHandler                         0x08000367   Thumb Code     0  startup_stm32f10x_hd.o(.text)
    FSMC_IRQHandler                          0x08000367   Thumb Code     0  startup_stm32f10x_hd.o(.text)
    I2C1_ER_IRQHandler                       0x08000367   Thumb Code     0  startup_stm32f10x_hd.o(.text)
    I2C1_EV_IRQHandler                       0x08000367   Thumb Code     0  startup_stm32f10x_hd.o(.text)
    I2C2_ER_IRQHandler                       0x08000367   Thumb Code     0  startup_stm32f10x_hd.o(.text)
    I2C2_EV_IRQHandler                       0x08000367   Thumb Code     0  startup_stm32f10x_hd.o(.text)
    PVD_IRQHandler                           0x08000367   Thumb Code     0  startup_stm32f10x_hd.o(.text)
    RCC_IRQHandler                           0x08000367   Thumb Code     0  startup_stm32f10x_hd.o(.text)
    RTCAlarm_IRQHandler                      0x08000367   Thumb Code     0  startup_stm32f10x_hd.o(.text)
    RTC_IRQHandler                           0x08000367   Thumb Code     0  startup_stm32f10x_hd.o(.text)
    SDIO_IRQHandler                          0x08000367   Thumb Code     0  startup_stm32f10x_hd.o(.text)
    SPI1_IRQHandler                          0x08000367   Thumb Code     0  startup_stm32f10x_hd.o(.text)
    SPI2_IRQHandler                          0x08000367   Thumb Code     0  startup_stm32f10x_hd.o(.text)
    SPI3_IRQHandler                          0x08000367   Thumb Code     0  startup_stm32f10x_hd.o(.text)
    TAMPER_IRQHandler                        0x08000367   Thumb Code     0  startup_stm32f10x_hd.o(.text)
    TIM1_BRK_IRQHandler                      0x08000367   Thumb Code     0  startup_stm32f10x_hd.o(.text)
    TIM1_CC_IRQHandler                       0x08000367   Thumb Code     0  startup_stm32f10x_hd.o(.text)
    TIM1_TRG_COM_IRQHandler                  0x08000367   Thumb Code     0  startup_stm32f10x_hd.o(.text)
    TIM1_UP_IRQHandler                       0x08000367   Thumb Code     0  startup_stm32f10x_hd.o(.text)
    TIM2_IRQHandler                          0x08000367   Thumb Code     0  startup_stm32f10x_hd.o(.text)
    TIM3_IRQHandler                          0x08000367   Thumb Code     0  startup_stm32f10x_hd.o(.text)
    TIM4_IRQHandler                          0x08000367   Thumb Code     0  startup_stm32f10x_hd.o(.text)
    TIM5_IRQHandler                          0x08000367   Thumb Code     0  startup_stm32f10x_hd.o(.text)
    TIM7_IRQHandler                          0x08000367   Thumb Code     0  startup_stm32f10x_hd.o(.text)
    TIM8_BRK_IRQHandler                      0x08000367   Thumb Code     0  startup_stm32f10x_hd.o(.text)
    TIM8_CC_IRQHandler                       0x08000367   Thumb Code     0  startup_stm32f10x_hd.o(.text)
    TIM8_TRG_COM_IRQHandler                  0x08000367   Thumb Code     0  startup_stm32f10x_hd.o(.text)
    TIM8_UP_IRQHandler                       0x08000367   Thumb Code     0  startup_stm32f10x_hd.o(.text)
    USBWakeUp_IRQHandler                     0x08000367   Thumb Code     0  startup_stm32f10x_hd.o(.text)
    USB_HP_CAN1_TX_IRQHandler                0x08000367   Thumb Code     0  startup_stm32f10x_hd.o(.text)
    USB_LP_CAN1_RX0_IRQHandler               0x08000367   Thumb Code     0  startup_stm32f10x_hd.o(.text)
    WWDG_IRQHandler                          0x08000367   Thumb Code     0  startup_stm32f10x_hd.o(.text)
    __user_initial_stackheap                 0x08000369   Thumb Code     0  startup_stm32f10x_hd.o(.text)
    __use_no_semihosting                     0x08000385   Thumb Code     2  use_no_semi_2.o(.text)
    __c89vsprintf                            0x08000389   Thumb Code    32  c89vsprintf.o(.text)
    __2printf                                0x080003ad   Thumb Code    20  __2printf.o(.text)
    _printf_int_dec                          0x080003c5   Thumb Code   104  _printf_dec.o(.text)
    __printf                                 0x0800043d   Thumb Code   388  __printf_flags_ss_wp.o(.text)
    strlen                                   0x080005c5   Thumb Code    62  strlen.o(.text)
    __aeabi_memclr4                          0x08000603   Thumb Code     0  rt_memclr_w.o(.text)
    __aeabi_memclr8                          0x08000603   Thumb Code     0  rt_memclr_w.o(.text)
    __rt_memclr_w                            0x08000603   Thumb Code    78  rt_memclr_w.o(.text)
    _memset_w                                0x08000607   Thumb Code     0  rt_memclr_w.o(.text)
    __use_two_region_memory                  0x08000651   Thumb Code     2  heapauxi.o(.text)
    __rt_heap_escrow$2region                 0x08000653   Thumb Code     2  heapauxi.o(.text)
    __rt_heap_expand$2region                 0x08000655   Thumb Code     2  heapauxi.o(.text)
    __I$use$semihosting                      0x08000657   Thumb Code     0  use_no_semi.o(.text)
    __use_no_semihosting_swi                 0x08000657   Thumb Code     2  use_no_semi.o(.text)
    __read_errno                             0x08000659   Thumb Code    10  _rserrno.o(.text)
    __set_errno                              0x08000663   Thumb Code    12  _rserrno.o(.text)
    _printf_pre_padding                      0x0800066f   Thumb Code    44  _printf_pad.o(.text)
    _printf_post_padding                     0x0800069b   Thumb Code    34  _printf_pad.o(.text)
    _printf_truncate_signed                  0x080006bd   Thumb Code    18  _printf_truncate.o(.text)
    _printf_truncate_unsigned                0x080006cf   Thumb Code    18  _printf_truncate.o(.text)
    _printf_str                              0x080006e1   Thumb Code    82  _printf_str.o(.text)
    _printf_int_common                       0x08000733   Thumb Code   178  _printf_intcommon.o(.text)
    _printf_charcount                        0x080007e5   Thumb Code    40  _printf_charcount.o(.text)
    __lib_sel_fp_printf                      0x0800080d   Thumb Code     2  _printf_fp_dec.o(.text)
    _printf_fp_dec_real                      0x080009bf   Thumb Code   620  _printf_fp_dec.o(.text)
    _printf_char_common                      0x08000c37   Thumb Code    32  _printf_char_common.o(.text)
    _sputc                                   0x08000c5d   Thumb Code    10  _sputc.o(.text)
    _printf_char_file                        0x08000c69   Thumb Code    32  _printf_char_file.o(.text)
    _printf_wctomb                           0x08000c8d   Thumb Code   182  _printf_wctomb.o(.text)
    _printf_longlong_dec                     0x08000d49   Thumb Code   108  _printf_longlong_dec.o(.text)
    _printf_longlong_oct                     0x08000dc5   Thumb Code    66  _printf_oct_int_ll.o(.text)
    _printf_int_oct                          0x08000e07   Thumb Code    24  _printf_oct_int_ll.o(.text)
    _printf_ll_oct                           0x08000e1f   Thumb Code    12  _printf_oct_int_ll.o(.text)
    _printf_longlong_hex                     0x08000e35   Thumb Code    86  _printf_hex_int_ll_ptr.o(.text)
    _printf_int_hex                          0x08000e8b   Thumb Code    28  _printf_hex_int_ll_ptr.o(.text)
    _printf_ll_hex                           0x08000ea7   Thumb Code    12  _printf_hex_int_ll_ptr.o(.text)
    _printf_hex_ptr                          0x08000eb3   Thumb Code    18  _printf_hex_int_ll_ptr.o(.text)
    __rt_locale                              0x08000ec9   Thumb Code     8  rt_locale_intlibspace.o(.text)
    __aeabi_errno_addr                       0x08000ed1   Thumb Code     8  rt_errno_addr_intlibspace.o(.text)
    __errno$intlibspace                      0x08000ed1   Thumb Code     0  rt_errno_addr_intlibspace.o(.text)
    __rt_errno_addr$intlibspace              0x08000ed1   Thumb Code     0  rt_errno_addr_intlibspace.o(.text)
    _ll_udiv10                               0x08000ed9   Thumb Code   138  lludiv10.o(.text)
    _printf_fp_infnan                        0x08000f65   Thumb Code   112  _printf_fp_infnan.o(.text)
    _printf_cs_common                        0x08000fe5   Thumb Code    20  _printf_char.o(.text)
    _printf_char                             0x08000ff9   Thumb Code    16  _printf_char.o(.text)
    _printf_string                           0x08001009   Thumb Code     8  _printf_char.o(.text)
    _printf_lcs_common                       0x08001011   Thumb Code    20  _printf_wchar.o(.text)
    _printf_wchar                            0x08001025   Thumb Code    16  _printf_wchar.o(.text)
    _printf_wstring                          0x08001035   Thumb Code     8  _printf_wchar.o(.text)
    _btod_etento                             0x0800103d   Thumb Code   224  bigflt0.o(.text)
    ferror                                   0x08001121   Thumb Code     8  ferror.o(.text)
    _wcrtomb                                 0x08001129   Thumb Code    64  _wcrtomb.o(.text)
    __user_libspace                          0x08001169   Thumb Code     8  libspace.o(.text)
    __user_perproc_libspace                  0x08001169   Thumb Code     0  libspace.o(.text)
    __user_perthread_libspace                0x08001169   Thumb Code     0  libspace.o(.text)
    __user_setup_stackheap                   0x08001171   Thumb Code    74  sys_stackheap_outer.o(.text)
    __rt_ctype_table                         0x080011bd   Thumb Code    16  rt_ctype_table.o(.text)
    exit                                     0x080011cd   Thumb Code    18  exit.o(.text)
    strcmp                                   0x080011e1   Thumb Code   128  strcmpv7m.o(.text)
    _btod_d2e                                0x08001261   Thumb Code    62  btod.o(CL$$btod_d2e)
    _d2e_denorm_low                          0x0800129f   Thumb Code    70  btod.o(CL$$btod_d2e_denorm_low)
    _d2e_norm_op1                            0x080012e5   Thumb Code    96  btod.o(CL$$btod_d2e_norm_op1)
    __btod_div_common                        0x08001345   Thumb Code   696  btod.o(CL$$btod_div_common)
    _e2e                                     0x0800167d   Thumb Code   220  btod.o(CL$$btod_e2e)
    _btod_ediv                               0x08001759   Thumb Code    42  btod.o(CL$$btod_ediv)
    _btod_emul                               0x08001783   Thumb Code    42  btod.o(CL$$btod_emul)
    __btod_mult_common                       0x080017ad   Thumb Code   580  btod.o(CL$$btod_mult_common)
    BACK                                     0x080019f1   Thumb Code    58  bj_motor.o(i.BACK)
    BJ_Motor_Init                            0x08001a35   Thumb Code   236  bj_motor.o(i.BJ_Motor_Init)
    BJ_Motor_move                            0x08001b45   Thumb Code   234  bj_motor.o(i.BJ_Motor_move)
    Calibration_circle_FB                    0x08001c51   Thumb Code   186  openmv.o(i.Calibration_circle_FB)
    Calibration_circle_LR                    0x08001d4d   Thumb Code   130  openmv.o(i.Calibration_circle_LR)
    Calibration_green_FB                     0x08001e09   Thumb Code   200  openmv.o(i.Calibration_green_FB)
    Calibration_green_LR                     0x08001f11   Thumb Code   144  openmv.o(i.Calibration_green_LR)
    FRONT                                    0x08001fd9   Thumb Code    58  bj_motor.o(i.FRONT)
    Get_two                                  0x0800201d   Thumb Code    40  control.o(i.Get_two)
    Get_two_1                                0x08002045   Thumb Code   200  control.o(i.Get_two_1)
    Get_two_2                                0x08002151   Thumb Code   202  control.o(i.Get_two_2)
    Get_two_3                                0x0800225d   Thumb Code   200  control.o(i.Get_two_3)
    Get_wan                                  0x08002369   Thumb Code   794  control.o(i.Get_wan)
    Get_yuanpan                              0x080026b5   Thumb Code   578  control.o(i.Get_yuanpan)
    IO_init                                  0x0800292d   Thumb Code    36  openmv.o(i.IO_init)
    Kinematic_Analysis_limb                  0x08002959   Thumb Code   662  servo.o(i.Kinematic_Analysis_limb)
    LED_Init                                 0x08002c51   Thumb Code    36  timer.o(i.LED_Init)
    LEFT                                     0x08002c7d   Thumb Code    58  bj_motor.o(i.LEFT)
    MYRCC_DeInit                             0x08002cc1   Thumb Code    90  sys.o(i.MYRCC_DeInit)
    MY_NVIC_Init                             0x08002d29   Thumb Code   116  sys.o(i.MY_NVIC_Init)
    MY_NVIC_PriorityGroupConfig              0x08002da1   Thumb Code    32  sys.o(i.MY_NVIC_PriorityGroupConfig)
    MY_NVIC_SetVectorTable                   0x08002dc9   Thumb Code    12  sys.o(i.MY_NVIC_SetVectorTable)
    Move_rotate                              0x08002ddd   Thumb Code    94  bj_motor.o(i.Move_rotate)
    Openmv_U2_read                           0x08002e45   Thumb Code   382  openmv.o(i.Openmv_U2_read)
    Position_PID1_limb                       0x08003015   Thumb Code   158  servo.o(i.Position_PID1_limb)
    Position_PID2_limb                       0x080030d5   Thumb Code   148  servo.o(i.Position_PID2_limb)
    Position_PID3_limb                       0x08003189   Thumb Code   148  servo.o(i.Position_PID3_limb)
    Position_PID4_limb                       0x0800323d   Thumb Code   148  servo.o(i.Position_PID4_limb)
    Position_PID5_limb                       0x080032f1   Thumb Code   148  servo.o(i.Position_PID5_limb)
    Put_one                                  0x080033a5   Thumb Code    40  control.o(i.Put_one)
    Put_one_1                                0x080033cd   Thumb Code   182  control.o(i.Put_one_1)
    Put_one_2                                0x080034b5   Thumb Code   182  control.o(i.Put_one_2)
    Put_one_3                                0x08003599   Thumb Code   182  control.o(i.Put_one_3)
    Put_two_1                                0x08003681   Thumb Code   212  control.o(i.Put_two_1)
    Put_two_2                                0x0800378d   Thumb Code   190  control.o(i.Put_two_2)
    Put_two_3                                0x08003881   Thumb Code   190  control.o(i.Put_two_3)
    Put_two_A                                0x08003975   Thumb Code    40  control.o(i.Put_two_A)
    Put_two_B                                0x0800399d   Thumb Code    40  control.o(i.Put_two_B)
    Put_wan                                  0x080039c5   Thumb Code   326  control.o(i.Put_wan)
    RIGHT                                    0x08003b31   Thumb Code    58  bj_motor.o(i.RIGHT)
    Servo_data                               0x08003b75   Thumb Code    22  servo.o(i.Servo_data)
    Servo_move                               0x08003b9d   Thumb Code   138  servo.o(i.Servo_move)
    Set_BJ_Motor                             0x08003c75   Thumb Code   196  bj_motor.o(i.Set_BJ_Motor)
    Set_PWM                                  0x08003d55   Thumb Code    36  servo.o(i.Set_PWM)
    Set_Pwm_limb                             0x08003d85   Thumb Code   156  servo.o(i.Set_Pwm_limb)
    Stm32_Clock_Init                         0x08003e3d   Thumb Code   134  sys.o(i.Stm32_Clock_Init)
    TIM3_PWM_Init                            0x08003ecd   Thumb Code   140  servo.o(i.TIM3_PWM_Init)
    TIM4_PWM_Init                            0x08003f65   Thumb Code   242  servo.o(i.TIM4_PWM_Init)
    TIM6_IRQHandler                          0x08004071   Thumb Code   102  timer.o(i.TIM6_IRQHandler)
    TIM6_Int_Init                            0x080040ed   Thumb Code    58  timer.o(i.TIM6_Int_Init)
    Task_1                                   0x08004131   Thumb Code   272  control.o(i.Task_1)
    Task_2                                   0x08004249   Thumb Code   490  control.o(i.Task_2)
    U1_data                                  0x08004471   Thumb Code    54  control.o(i.U1_data)
    UART4_IRQHandler                         0x080044c1   Thumb Code   120  usart2.o(i.UART4_IRQHandler)
    UART4_Process                            0x08004545   Thumb Code   186  control.o(i.UART4_Process)
    UART5_IRQHandler                         0x08004629   Thumb Code   116  usart2.o(i.UART5_IRQHandler)
    UART5_Process                            0x080046a9   Thumb Code    56  hmi.o(i.UART5_Process)
    UASRT_Process                            0x080046ed   Thumb Code  1934  control.o(i.UASRT_Process)
    USART1_IRQHandler                        0x08004f35   Thumb Code   118  usart.o(i.USART1_IRQHandler)
    USART2_IRQHandler                        0x08004fb9   Thumb Code   136  usart2.o(i.USART2_IRQHandler)
    USART3_IRQHandler                        0x0800504d   Thumb Code   118  usart2.o(i.USART3_IRQHandler)
    Xianfu_Pwm2_limb                         0x080050d1   Thumb Code   330  servo.o(i.Xianfu_Pwm2_limb)
    Xianfu_Pwm_limb                          0x08005235   Thumb Code   310  servo.o(i.Xianfu_Pwm_limb)
    __ARM_fpclassify                         0x08005381   Thumb Code    40  fpclassify.o(i.__ARM_fpclassify)
    __kernel_poly                            0x080053a9   Thumb Code   170  poly.o(i.__kernel_poly)
    __mathlib_dbl_infnan                     0x08005453   Thumb Code     6  dunder.o(i.__mathlib_dbl_infnan)
    __mathlib_dbl_invalid                    0x08005459   Thumb Code    12  dunder.o(i.__mathlib_dbl_invalid)
    __mathlib_dbl_underflow                  0x08005465   Thumb Code    10  dunder.o(i.__mathlib_dbl_underflow)
    _is_digit                                0x08005475   Thumb Code    14  __printf_wp.o(i._is_digit)
    _sys_exit                                0x08005483   Thumb Code     4  usart.o(i._sys_exit)
    acos                                     0x08005489   Thumb Code   574  acos.o(i.acos)
    asin                                     0x08005705   Thumb Code   572  asin.o(i.asin)
    circle_move                              0x08005975   Thumb Code   466  control.o(i.circle_move)
    delay_init                               0x08005bb9   Thumb Code    56  delay.o(i.delay_init)
    delay_ms                                 0x08005bf9   Thumb Code    56  delay.o(i.delay_ms)
    fputc                                    0x08005c35   Thumb Code    24  usart.o(i.fputc)
    main                                     0x08005c51   Thumb Code   184  transferrobot.o(i.main)
    pvPortMalloc                             0x08006179   Thumb Code   208  heap_4.o(i.pvPortMalloc)
    pxPortInitialiseStack                    0x0800625d   Thumb Code    30  port.o(i.pxPortInitialiseStack)
    read                                     0x08006281   Thumb Code    82  openmv.o(i.read)
    sqrt                                     0x080062d3   Thumb Code    76  sqrt.o(i.sqrt)
    u5_printf                                0x08006321   Thumb Code    70  usart2.o(i.u5_printf)
    uart4_init                               0x08006371   Thumb Code   130  usart2.o(i.uart4_init)
    uart4_sendString                         0x08006409   Thumb Code    54  usart2.o(i.uart4_sendString)
    uart5_init                               0x08006445   Thumb Code   162  usart2.o(i.uart5_init)
    uart_init                                0x08006501   Thumb Code   202  usart.o(i.uart_init)
    usart2_init                              0x080065dd   Thumb Code   130  usart2.o(i.usart2_init)
    uxListRemove                             0x08006675   Thumb Code    40  list.o(i.uxListRemove)
    vListInitialise                          0x0800669d   Thumb Code    26  list.o(i.vListInitialise)
    vListInitialiseItem                      0x080066b7   Thumb Code     6  list.o(i.vListInitialiseItem)
    vListInsert                              0x080066bd   Thumb Code    52  list.o(i.vListInsert)
    vListInsertEnd                           0x080066f1   Thumb Code    24  list.o(i.vListInsertEnd)
    vPortEnterCritical                       0x08006709   Thumb Code    30  port.o(i.vPortEnterCritical)
    vPortExitCritical                        0x0800672d   Thumb Code    28  port.o(i.vPortExitCritical)
    vPortFree                                0x0800674d   Thumb Code    68  heap_4.o(i.vPortFree)
    vPortSetupTimerInterrupt                 0x08006799   Thumb Code    20  port.o(i.vPortSetupTimerInterrupt)
    vTaskComInit                             0x080067b1   Thumb Code    64  transferrobot.o(i.vTaskComInit)
    vTaskDelay                               0x08006809   Thumb Code    46  tasks.o(i.vTaskDelay)
    vTaskDelete                              0x0800683d   Thumb Code   174  tasks.o(i.vTaskDelete)
    vTaskMainLoop                            0x08006911   Thumb Code    12  transferrobot.o(i.vTaskMainLoop)
    vTaskMotorControl                        0x0800691d   Thumb Code    20  transferrobot.o(i.vTaskMotorControl)
    vTaskServoControl                        0x08006931   Thumb Code    40  transferrobot.o(i.vTaskServoControl)
    vTaskStartScheduler                      0x08006969   Thumb Code    76  tasks.o(i.vTaskStartScheduler)
    vTaskSuspendAll                          0x080069d5   Thumb Code    12  tasks.o(i.vTaskSuspendAll)
    vTaskSwitchContext                       0x080069e5   Thumb Code    76  tasks.o(i.vTaskSwitchContext)
    xPortStartScheduler                      0x08006a45   Thumb Code    42  port.o(i.xPortStartScheduler)
    xTaskCreate                              0x08006a79   Thumb Code   104  tasks.o(i.xTaskCreate)
    xTaskIncrementTick                       0x08006ae1   Thumb Code   356  tasks.o(i.xTaskIncrementTick)
    xTaskResumeAll                           0x08006c71   Thumb Code   310  tasks.o(i.xTaskResumeAll)
    _get_lc_numeric                          0x08006dcd   Thumb Code    44  lc_numeric_c.o(locale$$code)
    _get_lc_ctype                            0x08006df9   Thumb Code    44  lc_ctype_c.o(locale$$code)
    __aeabi_d2f                              0x08006e25   Thumb Code     0  d2f.o(x$fpl$d2f)
    _d2f                                     0x08006e25   Thumb Code    98  d2f.o(x$fpl$d2f)
    __aeabi_dadd                             0x08006e89   Thumb Code     0  daddsub_clz.o(x$fpl$dadd)
    _dadd                                    0x08006e89   Thumb Code   332  daddsub_clz.o(x$fpl$dadd)
    __fpl_dcheck_NaN1                        0x08006fd9   Thumb Code    10  dcheck1.o(x$fpl$dcheck1)
    __aeabi_ddiv                             0x08006fe9   Thumb Code     0  ddiv.o(x$fpl$ddiv)
    _ddiv                                    0x08006fe9   Thumb Code   552  ddiv.o(x$fpl$ddiv)
    __aeabi_d2iz                             0x08007299   Thumb Code     0  dfix.o(x$fpl$dfix)
    _dfix                                    0x08007299   Thumb Code    94  dfix.o(x$fpl$dfix)
    __aeabi_dmul                             0x080072f9   Thumb Code     0  dmul.o(x$fpl$dmul)
    _dmul                                    0x080072f9   Thumb Code   332  dmul.o(x$fpl$dmul)
    __fpl_dnaninf                            0x0800744d   Thumb Code   156  dnaninf.o(x$fpl$dnaninf)
    __fpl_dretinf                            0x080074e9   Thumb Code    12  dretinf.o(x$fpl$dretinf)
    __aeabi_drsub                            0x080074f5   Thumb Code     0  daddsub_clz.o(x$fpl$drsb)
    _drsb                                    0x080074f5   Thumb Code    22  daddsub_clz.o(x$fpl$drsb)
    _dsqrt                                   0x0800750d   Thumb Code   456  dsqrt_noumaal.o(x$fpl$dsqrt)
    __aeabi_dsub                             0x080076d9   Thumb Code     0  daddsub_clz.o(x$fpl$dsub)
    _dsub                                    0x080076d9   Thumb Code   464  daddsub_clz.o(x$fpl$dsub)
    __aeabi_f2d                              0x080078ad   Thumb Code     0  f2d.o(x$fpl$f2d)
    _f2d                                     0x080078ad   Thumb Code    86  f2d.o(x$fpl$f2d)
    __aeabi_fadd                             0x08007905   Thumb Code     0  faddsub_clz.o(x$fpl$fadd)
    _fadd                                    0x08007905   Thumb Code   196  faddsub_clz.o(x$fpl$fadd)
    __fpl_fcmp_Inf                           0x080079c9   Thumb Code    24  fcmpi.o(x$fpl$fcmpinf)
    __aeabi_fdiv                             0x080079e1   Thumb Code     0  fdiv.o(x$fpl$fdiv)
    _fdiv                                    0x080079e1   Thumb Code   384  fdiv.o(x$fpl$fdiv)
    __aeabi_cfcmpeq                          0x08007b65   Thumb Code     0  feqf.o(x$fpl$feqf)
    _fcmpeq                                  0x08007b65   Thumb Code   104  feqf.o(x$fpl$feqf)
    __aeabi_f2iz                             0x08007bcd   Thumb Code     0  ffix.o(x$fpl$ffix)
    _ffix                                    0x08007bcd   Thumb Code    54  ffix.o(x$fpl$ffix)
    __aeabi_f2uiz                            0x08007c05   Thumb Code     0  ffixu.o(x$fpl$ffixu)
    _ffixu                                   0x08007c05   Thumb Code    62  ffixu.o(x$fpl$ffixu)
    __aeabi_i2f                              0x08007c45   Thumb Code     0  fflt_clz.o(x$fpl$fflt)
    _fflt                                    0x08007c45   Thumb Code    48  fflt_clz.o(x$fpl$fflt)
    __aeabi_ui2f                             0x08007c75   Thumb Code     0  fflt_clz.o(x$fpl$ffltu)
    _ffltu                                   0x08007c75   Thumb Code    38  fflt_clz.o(x$fpl$ffltu)
    __aeabi_cfcmple                          0x08007c9d   Thumb Code     0  fleqf.o(x$fpl$fleqf)
    _fcmple                                  0x08007c9d   Thumb Code   104  fleqf.o(x$fpl$fleqf)
    __fpl_fcmple_InfNaN                      0x08007cef   Thumb Code     0  fleqf.o(x$fpl$fleqf)
    __aeabi_fmul                             0x08007d05   Thumb Code     0  fmul.o(x$fpl$fmul)
    _fmul                                    0x08007d05   Thumb Code   258  fmul.o(x$fpl$fmul)
    __fpl_fnaninf                            0x08007e07   Thumb Code   140  fnaninf.o(x$fpl$fnaninf)
    __fpl_fretinf                            0x08007e93   Thumb Code    10  fretinf.o(x$fpl$fretinf)
    __aeabi_cfrcmple                         0x08007e9d   Thumb Code     0  frleqf.o(x$fpl$frleqf)
    _frcmple                                 0x08007e9d   Thumb Code    98  frleqf.o(x$fpl$frleqf)
    __aeabi_frsub                            0x08007eff   Thumb Code     0  faddsub_clz.o(x$fpl$frsb)
    _frsb                                    0x08007eff   Thumb Code    20  faddsub_clz.o(x$fpl$frsb)
    __aeabi_fsub                             0x08007f15   Thumb Code     0  faddsub_clz.o(x$fpl$fsub)
    _fsub                                    0x08007f15   Thumb Code   234  faddsub_clz.o(x$fpl$fsub)
    _printf_fp_dec                           0x08007fff   Thumb Code     4  printf1.o(x$fpl$printf1)
    __fpl_return_NaN                         0x08008003   Thumb Code   100  retnan.o(x$fpl$retnan)
    __ARM_scalbn                             0x08008067   Thumb Code    92  scalbn.o(x$fpl$scalbn)
    __fpl_cmpreturn                          0x080080c3   Thumb Code    48  trapv.o(x$fpl$trapveneer)
    __I$use$fp                               0x080080f2   Number         0  usenofp.o(x$fpl$usenofp)
    Region$$Table$$Base                      0x0800826c   Number         0  anon$$obj.o(Region$$Table)
    Region$$Table$$Limit                     0x0800828c   Number         0  anon$$obj.o(Region$$Table)
    __ctype                                  0x080082b5   Data           0  lc_ctype_c.o(locale$$data)
    __stdout                                 0x20000004   Data           4  usart.o(.data)
    USART_RX_STA                             0x20000008   Data           2  usart.o(.data)
    motor_flag                               0x2000000c   Data           1  bj_motor.o(.data)
    BJ_data                                  0x20000010   Data           4  bj_motor.o(.data)
    motor_delay                              0x20000014   Data           4  bj_motor.o(.data)
    Xs1                                      0x20000018   Data           4  bj_motor.o(.data)
    Xs2                                      0x2000001c   Data           4  bj_motor.o(.data)
    rotateXs                                 0x20000020   Data           4  bj_motor.o(.data)
    time                                     0x20000030   Data           4  timer.o(.data)
    target_data                              0x20000034   Data          10  control.o(.data)
    NO_flag                                  0x2000003e   Data           1  control.o(.data)
    line_Ra                                  0x20000040   Data           4  control.o(.data)
    line_La                                  0x20000044   Data           4  control.o(.data)
    line_Ld                                  0x20000048   Data           4  control.o(.data)
    circle_FB                                0x2000004c   Data           4  control.o(.data)
    circle_LR                                0x20000050   Data           4  control.o(.data)
    Target1                                  0x20000054   Data           4  servo.o(.data)
    Target2                                  0x20000058   Data           4  servo.o(.data)
    Target3                                  0x2000005c   Data           4  servo.o(.data)
    Target4                                  0x20000060   Data           4  servo.o(.data)
    Target5                                  0x20000064   Data           4  servo.o(.data)
    Velocity1                                0x20000068   Data           4  servo.o(.data)
    Velocity2                                0x2000006c   Data           4  servo.o(.data)
    Velocity3                                0x20000070   Data           4  servo.o(.data)
    Velocity4                                0x20000074   Data           4  servo.o(.data)
    Velocity5                                0x20000078   Data           4  servo.o(.data)
    Position1                                0x2000007c   Data           4  servo.o(.data)
    Position2                                0x20000080   Data           4  servo.o(.data)
    Position3                                0x20000084   Data           4  servo.o(.data)
    Position4                                0x20000088   Data           4  servo.o(.data)
    Position5                                0x2000008c   Data           4  servo.o(.data)
    Speed                                    0x20000090   Data           4  servo.o(.data)
    Position_KP_limb                         0x20000094   Data           4  servo.o(.data)
    Position_KI_limb                         0x20000098   Data           4  servo.o(.data)
    Position_KD_limb                         0x2000009c   Data           4  servo.o(.data)
    TargetX                                  0x200000a0   Data           4  servo.o(.data)
    TargetY                                  0x200000a4   Data           4  servo.o(.data)
    TargetZ                                  0x200000a8   Data           4  servo.o(.data)
    Target_claw                              0x200000ac   Data           4  servo.o(.data)
    Servo_flag                               0x200000b0   Data           1  servo.o(.data)
    Servo_no                                 0x200000b1   Data           1  servo.o(.data)
    USART2_RX_STA                            0x20000104   Data           2  usart2.o(.data)
    USART3_RX_STA                            0x20000106   Data           2  usart2.o(.data)
    UART4_RX_STA                             0x20000108   Data           2  usart2.o(.data)
    UART5_RX_STA                             0x2000010a   Data           2  usart2.o(.data)
    openmv_mean_1                            0x2000010c   Data           4  openmv.o(.data)
    openmv_mean_2                            0x20000110   Data           4  openmv.o(.data)
    openmv_mean_3                            0x20000114   Data           4  openmv.o(.data)
    pxCurrentTCB                             0x20000118   Data           4  tasks.o(.data)
    uxTopUsedPriority                        0x20000150   Data           4  tasks.o(.data)
    USART_RX_BUF                             0x20000178   Data         200  usart.o(.bss)
    USART2_RX_BUF                            0x20000240   Data         600  usart2.o(.bss)
    USART2_TX_BUF                            0x20000498   Data         600  usart2.o(.bss)
    USART3_RX_BUF                            0x200006f0   Data         600  usart2.o(.bss)
    USART3_TX_BUF                            0x20000948   Data         600  usart2.o(.bss)
    UART4_RX_BUF                             0x20000ba0   Data         600  usart2.o(.bss)
    UART4_TX_BUF                             0x20000df8   Data         600  usart2.o(.bss)
    UART5_RX_BUF                             0x20001050   Data         600  usart2.o(.bss)
    UART5_TX_BUF                             0x200012a8   Data         600  usart2.o(.bss)
    openmv_data                              0x20001500   Data          80  openmv.o(.bss)
    __libspace_start                         0x20005a18   Data          96  libspace.o(.bss)
    __temporary_stack_top$libspace           0x20005a78   Data           0  libspace.o(.bss)



==============================================================================

Memory Map of the image

  Image Entry point : 0x08000131

  Load Region LR_IROM1 (Base: 0x08000000, Size: 0x00008530, Max: 0x00080000, ABSOLUTE, COMPRESSED[0x00008414])

    Execution Region ER_IROM1 (Exec base: 0x08000000, Load base: 0x08000000, Size: 0x000083b8, Max: 0x00080000, ABSOLUTE)

    Exec Addr    Load Addr    Size         Type   Attr      Idx    E Section Name        Object

    0x08000000   0x08000000   0x00000130   Data   RO            3    RESET               startup_stm32f10x_hd.o
    0x08000130   0x08000130   0x00000008   Code   RO         1697  * !!!main             c_w.l(__main.o)
    0x08000138   0x08000138   0x00000034   Code   RO         2119    !!!scatter          c_w.l(__scatter.o)
    0x0800016c   0x0800016c   0x0000005a   Code   RO         2117    !!dczerorl2         c_w.l(__dczerorl2.o)
    0x080001c6   0x080001c6   0x00000002   PAD
    0x080001c8   0x080001c8   0x0000001c   Code   RO         2121    !!handler_zi        c_w.l(__scatter_zi.o)
    0x080001e4   0x080001e4   0x00000000   Code   RO         1686    .ARM.Collect$$_printf_percent$$00000000  c_w.l(_printf_percent.o)
    0x080001e4   0x080001e4   0x00000006   Code   RO         1838    .ARM.Collect$$_printf_percent$$00000001  c_w.l(_printf_n.o)
    0x080001ea   0x080001ea   0x00000006   Code   RO         1840    .ARM.Collect$$_printf_percent$$00000002  c_w.l(_printf_p.o)
    0x080001f0   0x080001f0   0x00000006   Code   RO         1685    .ARM.Collect$$_printf_percent$$00000003  c_w.l(_printf_f.o)
    0x080001f6   0x080001f6   0x00000006   Code   RO         1844    .ARM.Collect$$_printf_percent$$00000004  c_w.l(_printf_e.o)
    0x080001fc   0x080001fc   0x00000006   Code   RO         1845    .ARM.Collect$$_printf_percent$$00000005  c_w.l(_printf_g.o)
    0x08000202   0x08000202   0x00000006   Code   RO         1846    .ARM.Collect$$_printf_percent$$00000006  c_w.l(_printf_a.o)
    0x08000208   0x08000208   0x0000000a   Code   RO         1851    .ARM.Collect$$_printf_percent$$00000007  c_w.l(_printf_ll.o)
    0x08000212   0x08000212   0x00000006   Code   RO         1842    .ARM.Collect$$_printf_percent$$00000008  c_w.l(_printf_i.o)
    0x08000218   0x08000218   0x00000006   Code   RO         1684    .ARM.Collect$$_printf_percent$$00000009  c_w.l(_printf_d.o)
    0x0800021e   0x0800021e   0x00000006   Code   RO         1843    .ARM.Collect$$_printf_percent$$0000000A  c_w.l(_printf_u.o)
    0x08000224   0x08000224   0x00000006   Code   RO         1841    .ARM.Collect$$_printf_percent$$0000000B  c_w.l(_printf_o.o)
    0x0800022a   0x0800022a   0x00000006   Code   RO         1839    .ARM.Collect$$_printf_percent$$0000000C  c_w.l(_printf_x.o)
    0x08000230   0x08000230   0x00000006   Code   RO         1848    .ARM.Collect$$_printf_percent$$0000000D  c_w.l(_printf_lli.o)
    0x08000236   0x08000236   0x00000006   Code   RO         1849    .ARM.Collect$$_printf_percent$$0000000E  c_w.l(_printf_lld.o)
    0x0800023c   0x0800023c   0x00000006   Code   RO         1850    .ARM.Collect$$_printf_percent$$0000000F  c_w.l(_printf_llu.o)
    0x08000242   0x08000242   0x00000006   Code   RO         1855    .ARM.Collect$$_printf_percent$$00000010  c_w.l(_printf_llo.o)
    0x08000248   0x08000248   0x00000006   Code   RO         1856    .ARM.Collect$$_printf_percent$$00000011  c_w.l(_printf_llx.o)
    0x0800024e   0x0800024e   0x0000000a   Code   RO         1852    .ARM.Collect$$_printf_percent$$00000012  c_w.l(_printf_l.o)
    0x08000258   0x08000258   0x00000006   Code   RO         1836    .ARM.Collect$$_printf_percent$$00000013  c_w.l(_printf_c.o)
    0x0800025e   0x0800025e   0x00000006   Code   RO         1837    .ARM.Collect$$_printf_percent$$00000014  c_w.l(_printf_s.o)
    0x08000264   0x08000264   0x00000006   Code   RO         1853    .ARM.Collect$$_printf_percent$$00000015  c_w.l(_printf_lc.o)
    0x0800026a   0x0800026a   0x00000006   Code   RO         1854    .ARM.Collect$$_printf_percent$$00000016  c_w.l(_printf_ls.o)
    0x08000270   0x08000270   0x00000004   Code   RO         1847    .ARM.Collect$$_printf_percent$$00000017  c_w.l(_printf_percent_end.o)
    0x08000274   0x08000274   0x00000002   Code   RO         1985    .ARM.Collect$$libinit$$00000000  c_w.l(libinit.o)
    0x08000276   0x08000276   0x00000000   Code   RO         1987    .ARM.Collect$$libinit$$00000002  c_w.l(libinit2.o)
    0x08000276   0x08000276   0x00000000   Code   RO         1989    .ARM.Collect$$libinit$$00000004  c_w.l(libinit2.o)
    0x08000276   0x08000276   0x00000000   Code   RO         1992    .ARM.Collect$$libinit$$0000000A  c_w.l(libinit2.o)
    0x08000276   0x08000276   0x00000000   Code   RO         1994    .ARM.Collect$$libinit$$0000000C  c_w.l(libinit2.o)
    0x08000276   0x08000276   0x00000000   Code   RO         1996    .ARM.Collect$$libinit$$0000000E  c_w.l(libinit2.o)
    0x08000276   0x08000276   0x00000006   Code   RO         1997    .ARM.Collect$$libinit$$0000000F  c_w.l(libinit2.o)
    0x0800027c   0x0800027c   0x00000000   Code   RO         1999    .ARM.Collect$$libinit$$00000011  c_w.l(libinit2.o)
    0x0800027c   0x0800027c   0x0000000c   Code   RO         2000    .ARM.Collect$$libinit$$00000012  c_w.l(libinit2.o)
    0x08000288   0x08000288   0x00000000   Code   RO         2001    .ARM.Collect$$libinit$$00000013  c_w.l(libinit2.o)
    0x08000288   0x08000288   0x00000000   Code   RO         2003    .ARM.Collect$$libinit$$00000015  c_w.l(libinit2.o)
    0x08000288   0x08000288   0x0000000a   Code   RO         2004    .ARM.Collect$$libinit$$00000016  c_w.l(libinit2.o)
    0x08000292   0x08000292   0x00000000   Code   RO         2005    .ARM.Collect$$libinit$$00000017  c_w.l(libinit2.o)
    0x08000292   0x08000292   0x00000000   Code   RO         2007    .ARM.Collect$$libinit$$00000019  c_w.l(libinit2.o)
    0x08000292   0x08000292   0x00000000   Code   RO         2009    .ARM.Collect$$libinit$$0000001B  c_w.l(libinit2.o)
    0x08000292   0x08000292   0x00000000   Code   RO         2011    .ARM.Collect$$libinit$$0000001D  c_w.l(libinit2.o)
    0x08000292   0x08000292   0x00000000   Code   RO         2013    .ARM.Collect$$libinit$$0000001F  c_w.l(libinit2.o)
    0x08000292   0x08000292   0x00000000   Code   RO         2015    .ARM.Collect$$libinit$$00000021  c_w.l(libinit2.o)
    0x08000292   0x08000292   0x00000000   Code   RO         2017    .ARM.Collect$$libinit$$00000023  c_w.l(libinit2.o)
    0x08000292   0x08000292   0x00000000   Code   RO         2019    .ARM.Collect$$libinit$$00000025  c_w.l(libinit2.o)
    0x08000292   0x08000292   0x00000000   Code   RO         2023    .ARM.Collect$$libinit$$0000002C  c_w.l(libinit2.o)
    0x08000292   0x08000292   0x00000000   Code   RO         2025    .ARM.Collect$$libinit$$0000002E  c_w.l(libinit2.o)
    0x08000292   0x08000292   0x00000000   Code   RO         2027    .ARM.Collect$$libinit$$00000030  c_w.l(libinit2.o)
    0x08000292   0x08000292   0x00000000   Code   RO         2029    .ARM.Collect$$libinit$$00000032  c_w.l(libinit2.o)
    0x08000292   0x08000292   0x00000002   Code   RO         2030    .ARM.Collect$$libinit$$00000033  c_w.l(libinit2.o)
    0x08000294   0x08000294   0x00000002   Code   RO         2065    .ARM.Collect$$libshutdown$$00000000  c_w.l(libshutdown.o)
    0x08000296   0x08000296   0x00000000   Code   RO         2074    .ARM.Collect$$libshutdown$$00000002  c_w.l(libshutdown2.o)
    0x08000296   0x08000296   0x00000000   Code   RO         2076    .ARM.Collect$$libshutdown$$00000004  c_w.l(libshutdown2.o)
    0x08000296   0x08000296   0x00000000   Code   RO         2078    .ARM.Collect$$libshutdown$$00000006  c_w.l(libshutdown2.o)
    0x08000296   0x08000296   0x00000000   Code   RO         2081    .ARM.Collect$$libshutdown$$00000009  c_w.l(libshutdown2.o)
    0x08000296   0x08000296   0x00000000   Code   RO         2084    .ARM.Collect$$libshutdown$$0000000C  c_w.l(libshutdown2.o)
    0x08000296   0x08000296   0x00000000   Code   RO         2086    .ARM.Collect$$libshutdown$$0000000E  c_w.l(libshutdown2.o)
    0x08000296   0x08000296   0x00000000   Code   RO         2089    .ARM.Collect$$libshutdown$$00000011  c_w.l(libshutdown2.o)
    0x08000296   0x08000296   0x00000002   Code   RO         2090    .ARM.Collect$$libshutdown$$00000012  c_w.l(libshutdown2.o)
    0x08000298   0x08000298   0x00000000   Code   RO         1783    .ARM.Collect$$rtentry$$00000000  c_w.l(__rtentry.o)
    0x08000298   0x08000298   0x00000000   Code   RO         1895    .ARM.Collect$$rtentry$$00000002  c_w.l(__rtentry2.o)
    0x08000298   0x08000298   0x00000006   Code   RO         1907    .ARM.Collect$$rtentry$$00000004  c_w.l(__rtentry4.o)
    0x0800029e   0x0800029e   0x00000000   Code   RO         1897    .ARM.Collect$$rtentry$$00000009  c_w.l(__rtentry2.o)
    0x0800029e   0x0800029e   0x00000004   Code   RO         1898    .ARM.Collect$$rtentry$$0000000A  c_w.l(__rtentry2.o)
    0x080002a2   0x080002a2   0x00000000   Code   RO         1900    .ARM.Collect$$rtentry$$0000000C  c_w.l(__rtentry2.o)
    0x080002a2   0x080002a2   0x00000008   Code   RO         1901    .ARM.Collect$$rtentry$$0000000D  c_w.l(__rtentry2.o)
    0x080002aa   0x080002aa   0x00000002   Code   RO         2033    .ARM.Collect$$rtexit$$00000000  c_w.l(rtexit.o)
    0x080002ac   0x080002ac   0x00000000   Code   RO         2045    .ARM.Collect$$rtexit$$00000002  c_w.l(rtexit2.o)
    0x080002ac   0x080002ac   0x00000004   Code   RO         2046    .ARM.Collect$$rtexit$$00000003  c_w.l(rtexit2.o)
    0x080002b0   0x080002b0   0x00000006   Code   RO         2047    .ARM.Collect$$rtexit$$00000004  c_w.l(rtexit2.o)
    0x080002b6   0x080002b6   0x00000002   PAD
    0x080002b8   0x080002b8   0x00000096   Code   RO         1579    .emb_text           port.o
    0x0800034e   0x0800034e   0x00000002   PAD
    0x08000350   0x08000350   0x00000034   Code   RO            4    .text               startup_stm32f10x_hd.o
    0x08000384   0x08000384   0x00000002   Code   RO         1652    .text               c_w.l(use_no_semi_2.o)
    0x08000386   0x08000386   0x00000002   PAD
    0x08000388   0x08000388   0x00000024   Code   RO         1654    .text               c_w.l(c89vsprintf.o)
    0x080003ac   0x080003ac   0x00000018   Code   RO         1656    .text               c_w.l(__2printf.o)
    0x080003c4   0x080003c4   0x00000078   Code   RO         1662    .text               c_w.l(_printf_dec.o)
    0x0800043c   0x0800043c   0x00000188   Code   RO         1681    .text               c_w.l(__printf_flags_ss_wp.o)
    0x080005c4   0x080005c4   0x0000003e   Code   RO         1687    .text               c_w.l(strlen.o)
    0x08000602   0x08000602   0x0000004e   Code   RO         1693    .text               c_w.l(rt_memclr_w.o)
    0x08000650   0x08000650   0x00000006   Code   RO         1695    .text               c_w.l(heapauxi.o)
    0x08000656   0x08000656   0x00000002   Code   RO         1781    .text               c_w.l(use_no_semi.o)
    0x08000658   0x08000658   0x00000016   Code   RO         1784    .text               c_w.l(_rserrno.o)
    0x0800066e   0x0800066e   0x0000004e   Code   RO         1786    .text               c_w.l(_printf_pad.o)
    0x080006bc   0x080006bc   0x00000024   Code   RO         1788    .text               c_w.l(_printf_truncate.o)
    0x080006e0   0x080006e0   0x00000052   Code   RO         1790    .text               c_w.l(_printf_str.o)
    0x08000732   0x08000732   0x000000b2   Code   RO         1792    .text               c_w.l(_printf_intcommon.o)
    0x080007e4   0x080007e4   0x00000028   Code   RO         1794    .text               c_w.l(_printf_charcount.o)
    0x0800080c   0x0800080c   0x0000041e   Code   RO         1796    .text               c_w.l(_printf_fp_dec.o)
    0x08000c2a   0x08000c2a   0x00000002   PAD
    0x08000c2c   0x08000c2c   0x00000030   Code   RO         1798    .text               c_w.l(_printf_char_common.o)
    0x08000c5c   0x08000c5c   0x0000000a   Code   RO         1800    .text               c_w.l(_sputc.o)
    0x08000c66   0x08000c66   0x00000002   PAD
    0x08000c68   0x08000c68   0x00000024   Code   RO         1802    .text               c_w.l(_printf_char_file.o)
    0x08000c8c   0x08000c8c   0x000000bc   Code   RO         1804    .text               c_w.l(_printf_wctomb.o)
    0x08000d48   0x08000d48   0x0000007c   Code   RO         1807    .text               c_w.l(_printf_longlong_dec.o)
    0x08000dc4   0x08000dc4   0x00000070   Code   RO         1813    .text               c_w.l(_printf_oct_int_ll.o)
    0x08000e34   0x08000e34   0x00000094   Code   RO         1833    .text               c_w.l(_printf_hex_int_ll_ptr.o)
    0x08000ec8   0x08000ec8   0x00000008   Code   RO         1912    .text               c_w.l(rt_locale_intlibspace.o)
    0x08000ed0   0x08000ed0   0x00000008   Code   RO         1917    .text               c_w.l(rt_errno_addr_intlibspace.o)
    0x08000ed8   0x08000ed8   0x0000008a   Code   RO         1919    .text               c_w.l(lludiv10.o)
    0x08000f62   0x08000f62   0x00000002   PAD
    0x08000f64   0x08000f64   0x00000080   Code   RO         1921    .text               c_w.l(_printf_fp_infnan.o)
    0x08000fe4   0x08000fe4   0x0000002c   Code   RO         1925    .text               c_w.l(_printf_char.o)
    0x08001010   0x08001010   0x0000002c   Code   RO         1927    .text               c_w.l(_printf_wchar.o)
    0x0800103c   0x0800103c   0x000000e4   Code   RO         1929    .text               c_w.l(bigflt0.o)
    0x08001120   0x08001120   0x00000008   Code   RO         1954    .text               c_w.l(ferror.o)
    0x08001128   0x08001128   0x00000040   Code   RO         1958    .text               c_w.l(_wcrtomb.o)
    0x08001168   0x08001168   0x00000008   Code   RO         1969    .text               c_w.l(libspace.o)
    0x08001170   0x08001170   0x0000004a   Code   RO         1972    .text               c_w.l(sys_stackheap_outer.o)
    0x080011ba   0x080011ba   0x00000002   PAD
    0x080011bc   0x080011bc   0x00000010   Code   RO         1974    .text               c_w.l(rt_ctype_table.o)
    0x080011cc   0x080011cc   0x00000012   Code   RO         1976    .text               c_w.l(exit.o)
    0x080011de   0x080011de   0x00000002   PAD
    0x080011e0   0x080011e0   0x00000080   Code   RO         1978    .text               c_w.l(strcmpv7m.o)
    0x08001260   0x08001260   0x0000003e   Code   RO         1932    CL$$btod_d2e        c_w.l(btod.o)
    0x0800129e   0x0800129e   0x00000046   Code   RO         1934    CL$$btod_d2e_denorm_low  c_w.l(btod.o)
    0x080012e4   0x080012e4   0x00000060   Code   RO         1933    CL$$btod_d2e_norm_op1  c_w.l(btod.o)
    0x08001344   0x08001344   0x00000338   Code   RO         1942    CL$$btod_div_common  c_w.l(btod.o)
    0x0800167c   0x0800167c   0x000000dc   Code   RO         1939    CL$$btod_e2e        c_w.l(btod.o)
    0x08001758   0x08001758   0x0000002a   Code   RO         1936    CL$$btod_ediv       c_w.l(btod.o)
    0x08001782   0x08001782   0x0000002a   Code   RO         1935    CL$$btod_emul       c_w.l(btod.o)
    0x080017ac   0x080017ac   0x00000244   Code   RO         1941    CL$$btod_mult_common  c_w.l(btod.o)
    0x080019f0   0x080019f0   0x00000044   Code   RO          296    i.BACK              bj_motor.o
    0x08001a34   0x08001a34   0x00000110   Code   RO          297    i.BJ_Motor_Init     bj_motor.o
    0x08001b44   0x08001b44   0x0000010c   Code   RO          298    i.BJ_Motor_move     bj_motor.o
    0x08001c50   0x08001c50   0x000000fc   Code   RO          842    i.Calibration_circle_FB  openmv.o
    0x08001d4c   0x08001d4c   0x000000bc   Code   RO          843    i.Calibration_circle_LR  openmv.o
    0x08001e08   0x08001e08   0x00000108   Code   RO          844    i.Calibration_green_FB  openmv.o
    0x08001f10   0x08001f10   0x000000c8   Code   RO          845    i.Calibration_green_LR  openmv.o
    0x08001fd8   0x08001fd8   0x00000044   Code   RO          299    i.FRONT             bj_motor.o
    0x0800201c   0x0800201c   0x00000028   Code   RO          443    i.Get_two           control.o
    0x08002044   0x08002044   0x0000010c   Code   RO          444    i.Get_two_1         control.o
    0x08002150   0x08002150   0x0000010c   Code   RO          445    i.Get_two_2         control.o
    0x0800225c   0x0800225c   0x0000010c   Code   RO          446    i.Get_two_3         control.o
    0x08002368   0x08002368   0x0000034c   Code   RO          447    i.Get_wan           control.o
    0x080026b4   0x080026b4   0x00000278   Code   RO          448    i.Get_yuanpan       control.o
    0x0800292c   0x0800292c   0x0000002c   Code   RO          847    i.IO_init           openmv.o
    0x08002958   0x08002958   0x000002f8   Code   RO          588    i.Kinematic_Analysis_limb  servo.o
    0x08002c50   0x08002c50   0x0000002c   Code   RO          416    i.LED_Init          timer.o
    0x08002c7c   0x08002c7c   0x00000044   Code   RO          300    i.LEFT              bj_motor.o
    0x08002cc0   0x08002cc0   0x00000068   Code   RO          178    i.MYRCC_DeInit      sys.o
    0x08002d28   0x08002d28   0x00000078   Code   RO          179    i.MY_NVIC_Init      sys.o
    0x08002da0   0x08002da0   0x00000028   Code   RO          180    i.MY_NVIC_PriorityGroupConfig  sys.o
    0x08002dc8   0x08002dc8   0x00000014   Code   RO          181    i.MY_NVIC_SetVectorTable  sys.o
    0x08002ddc   0x08002ddc   0x00000068   Code   RO          301    i.Move_rotate       bj_motor.o
    0x08002e44   0x08002e44   0x000001d0   Code   RO          848    i.Openmv_U2_read    openmv.o
    0x08003014   0x08003014   0x000000c0   Code   RO          589    i.Position_PID1_limb  servo.o
    0x080030d4   0x080030d4   0x000000b4   Code   RO          590    i.Position_PID2_limb  servo.o
    0x08003188   0x08003188   0x000000b4   Code   RO          591    i.Position_PID3_limb  servo.o
    0x0800323c   0x0800323c   0x000000b4   Code   RO          592    i.Position_PID4_limb  servo.o
    0x080032f0   0x080032f0   0x000000b4   Code   RO          593    i.Position_PID5_limb  servo.o
    0x080033a4   0x080033a4   0x00000028   Code   RO          449    i.Put_one           control.o
    0x080033cc   0x080033cc   0x000000e8   Code   RO          450    i.Put_one_1         control.o
    0x080034b4   0x080034b4   0x000000e4   Code   RO          451    i.Put_one_2         control.o
    0x08003598   0x08003598   0x000000e8   Code   RO          452    i.Put_one_3         control.o
    0x08003680   0x08003680   0x0000010c   Code   RO          453    i.Put_two_1         control.o
    0x0800378c   0x0800378c   0x000000f4   Code   RO          454    i.Put_two_2         control.o
    0x08003880   0x08003880   0x000000f4   Code   RO          455    i.Put_two_3         control.o
    0x08003974   0x08003974   0x00000028   Code   RO          456    i.Put_two_A         control.o
    0x0800399c   0x0800399c   0x00000028   Code   RO          457    i.Put_two_B         control.o
    0x080039c4   0x080039c4   0x0000016c   Code   RO          458    i.Put_wan           control.o
    0x08003b30   0x08003b30   0x00000044   Code   RO          302    i.RIGHT             bj_motor.o
    0x08003b74   0x08003b74   0x00000028   Code   RO          594    i.Servo_data        servo.o
    0x08003b9c   0x08003b9c   0x000000d8   Code   RO          595    i.Servo_move        servo.o
    0x08003c74   0x08003c74   0x000000e0   Code   RO          303    i.Set_BJ_Motor      bj_motor.o
    0x08003d54   0x08003d54   0x00000030   Code   RO          596    i.Set_PWM           servo.o
    0x08003d84   0x08003d84   0x000000b8   Code   RO          597    i.Set_Pwm_limb      servo.o
    0x08003e3c   0x08003e3c   0x00000090   Code   RO          182    i.Stm32_Clock_Init  sys.o
    0x08003ecc   0x08003ecc   0x00000098   Code   RO          599    i.TIM3_PWM_Init     servo.o
    0x08003f64   0x08003f64   0x0000010c   Code   RO          600    i.TIM4_PWM_Init     servo.o
    0x08004070   0x08004070   0x0000007c   Code   RO          417    i.TIM6_IRQHandler   timer.o
    0x080040ec   0x080040ec   0x00000044   Code   RO          418    i.TIM6_Int_Init     timer.o
    0x08004130   0x08004130   0x00000118   Code   RO          459    i.Task_1            control.o
    0x08004248   0x08004248   0x00000228   Code   RO          460    i.Task_2            control.o
    0x08004470   0x08004470   0x00000050   Code   RO          461    i.U1_data           control.o
    0x080044c0   0x080044c0   0x00000084   Code   RO          696    i.UART4_IRQHandler  usart2.o
    0x08004544   0x08004544   0x000000e4   Code   RO          462    i.UART4_Process     control.o
    0x08004628   0x08004628   0x00000080   Code   RO          697    i.UART5_IRQHandler  usart2.o
    0x080046a8   0x080046a8   0x00000044   Code   RO          915    i.UART5_Process     hmi.o
    0x080046ec   0x080046ec   0x00000848   Code   RO          463    i.UASRT_Process     control.o
    0x08004f34   0x08004f34   0x00000084   Code   RO          255    i.USART1_IRQHandler  usart.o
    0x08004fb8   0x08004fb8   0x00000094   Code   RO          698    i.USART2_IRQHandler  usart2.o
    0x0800504c   0x0800504c   0x00000084   Code   RO          699    i.USART3_IRQHandler  usart2.o
    0x080050d0   0x080050d0   0x00000164   Code   RO          601    i.Xianfu_Pwm2_limb  servo.o
    0x08005234   0x08005234   0x0000014c   Code   RO          602    i.Xianfu_Pwm_limb   servo.o
    0x08005380   0x08005380   0x00000028   Code   RO         1890    i.__ARM_fpclassify  m_ws.l(fpclassify.o)
    0x080053a8   0x080053a8   0x000000aa   Code   RO         1892    i.__kernel_poly     m_ws.l(poly.o)
    0x08005452   0x08005452   0x00000006   Code   RO         1877    i.__mathlib_dbl_infnan  m_ws.l(dunder.o)
    0x08005458   0x08005458   0x0000000c   Code   RO         1879    i.__mathlib_dbl_invalid  m_ws.l(dunder.o)
    0x08005464   0x08005464   0x00000010   Code   RO         1882    i.__mathlib_dbl_underflow  m_ws.l(dunder.o)
    0x08005474   0x08005474   0x0000000e   Code   RO         1674    i._is_digit         c_w.l(__printf_wp.o)
    0x08005482   0x08005482   0x00000004   Code   RO          256    i._sys_exit         usart.o
    0x08005486   0x08005486   0x00000002   PAD
    0x08005488   0x08005488   0x0000027c   Code   RO         1754    i.acos              m_ws.l(acos.o)
    0x08005704   0x08005704   0x00000270   Code   RO         1764    i.asin              m_ws.l(asin.o)
    0x08005974   0x08005974   0x00000244   Code   RO          464    i.circle_move       control.o
    0x08005bb8   0x08005bb8   0x00000040   Code   RO          147    i.delay_init        delay.o
    0x08005bf8   0x08005bf8   0x0000003c   Code   RO          148    i.delay_ms          delay.o
    0x08005c34   0x08005c34   0x0000001c   Code   RO          257    i.fputc             usart.o
    0x08005c50   0x08005c50   0x000000fc   Code   RO           10    i.main              transferrobot.o
    0x08005d4c   0x08005d4c   0x000000c0   Code   RO         1215    i.prvAddCurrentTaskToDelayedList  tasks.o
    0x08005e0c   0x08005e0c   0x000000e4   Code   RO         1216    i.prvAddNewTaskToReadyList  tasks.o
    0x08005ef0   0x08005ef0   0x00000048   Code   RO         1217    i.prvCheckTasksWaitingTermination  tasks.o
    0x08005f38   0x08005f38   0x00000012   Code   RO         1218    i.prvDeleteTCB      tasks.o
    0x08005f4a   0x08005f4a   0x00000002   PAD
    0x08005f4c   0x08005f4c   0x00000070   Code   RO         1518    i.prvHeapInit       heap_4.o
    0x08005fbc   0x08005fbc   0x00000028   Code   RO         1219    i.prvIdleTask       tasks.o
    0x08005fe4   0x08005fe4   0x0000007a   Code   RO         1220    i.prvInitialiseNewTask  tasks.o
    0x0800605e   0x0800605e   0x00000002   PAD
    0x08006060   0x08006060   0x00000068   Code   RO         1221    i.prvInitialiseTaskLists  tasks.o
    0x080060c8   0x080060c8   0x00000068   Code   RO         1519    i.prvInsertBlockIntoFreeList  heap_4.o
    0x08006130   0x08006130   0x00000030   Code   RO         1222    i.prvResetNextTaskUnblockTime  tasks.o
    0x08006160   0x08006160   0x00000016   Code   RO         1580    i.prvTaskExitError  port.o
    0x08006176   0x08006176   0x00000002   PAD
    0x08006178   0x08006178   0x000000e4   Code   RO         1521    i.pvPortMalloc      heap_4.o
    0x0800625c   0x0800625c   0x00000024   Code   RO         1581    i.pxPortInitialiseStack  port.o
    0x08006280   0x08006280   0x00000052   Code   RO          851    i.read              openmv.o
    0x080062d2   0x080062d2   0x0000004c   Code   RO         1774    i.sqrt              m_ws.l(sqrt.o)
    0x0800631e   0x0800631e   0x00000002   PAD
    0x08006320   0x08006320   0x00000050   Code   RO          703    i.u5_printf         usart2.o
    0x08006370   0x08006370   0x00000098   Code   RO          704    i.uart4_init        usart2.o
    0x08006408   0x08006408   0x0000003c   Code   RO          706    i.uart4_sendString  usart2.o
    0x08006444   0x08006444   0x000000bc   Code   RO          707    i.uart5_init        usart2.o
    0x08006500   0x08006500   0x000000dc   Code   RO          258    i.uart_init         usart.o
    0x080065dc   0x080065dc   0x00000098   Code   RO          711    i.usart2_init       usart2.o
    0x08006674   0x08006674   0x00000028   Code   RO         1037    i.uxListRemove      list.o
    0x0800669c   0x0800669c   0x0000001a   Code   RO         1038    i.vListInitialise   list.o
    0x080066b6   0x080066b6   0x00000006   Code   RO         1039    i.vListInitialiseItem  list.o
    0x080066bc   0x080066bc   0x00000034   Code   RO         1040    i.vListInsert       list.o
    0x080066f0   0x080066f0   0x00000018   Code   RO         1041    i.vListInsertEnd    list.o
    0x08006708   0x08006708   0x00000024   Code   RO         1583    i.vPortEnterCritical  port.o
    0x0800672c   0x0800672c   0x00000020   Code   RO         1584    i.vPortExitCritical  port.o
    0x0800674c   0x0800674c   0x0000004c   Code   RO         1522    i.vPortFree         heap_4.o
    0x08006798   0x08006798   0x00000018   Code   RO         1585    i.vPortSetupTimerInterrupt  port.o
    0x080067b0   0x080067b0   0x00000058   Code   RO           11    i.vTaskComInit      transferrobot.o
    0x08006808   0x08006808   0x00000034   Code   RO         1230    i.vTaskDelay        tasks.o
    0x0800683c   0x0800683c   0x000000d4   Code   RO         1231    i.vTaskDelete       tasks.o
    0x08006910   0x08006910   0x0000000c   Code   RO           12    i.vTaskMainLoop     transferrobot.o
    0x0800691c   0x0800691c   0x00000014   Code   RO           13    i.vTaskMotorControl  transferrobot.o
    0x08006930   0x08006930   0x00000038   Code   RO           14    i.vTaskServoControl  transferrobot.o
    0x08006968   0x08006968   0x0000006c   Code   RO         1242    i.vTaskStartScheduler  tasks.o
    0x080069d4   0x080069d4   0x00000010   Code   RO         1244    i.vTaskSuspendAll   tasks.o
    0x080069e4   0x080069e4   0x00000060   Code   RO         1245    i.vTaskSwitchContext  tasks.o
    0x08006a44   0x08006a44   0x00000034   Code   RO         1586    i.xPortStartScheduler  port.o
    0x08006a78   0x08006a78   0x00000068   Code   RO         1248    i.xTaskCreate       tasks.o
    0x08006ae0   0x08006ae0   0x00000190   Code   RO         1257    i.xTaskIncrementTick  tasks.o
    0x08006c70   0x08006c70   0x0000015c   Code   RO         1259    i.xTaskResumeAll    tasks.o
    0x08006dcc   0x08006dcc   0x0000002c   Code   RO         1961    locale$$code        c_w.l(lc_numeric_c.o)
    0x08006df8   0x08006df8   0x0000002c   Code   RO         2036    locale$$code        c_w.l(lc_ctype_c.o)
    0x08006e24   0x08006e24   0x00000062   Code   RO         1699    x$fpl$d2f           fz_ws.l(d2f.o)
    0x08006e86   0x08006e86   0x00000002   PAD
    0x08006e88   0x08006e88   0x00000150   Code   RO         1701    x$fpl$dadd          fz_ws.l(daddsub_clz.o)
    0x08006fd8   0x08006fd8   0x00000010   Code   RO         1963    x$fpl$dcheck1       fz_ws.l(dcheck1.o)
    0x08006fe8   0x08006fe8   0x000002b0   Code   RO         1708    x$fpl$ddiv          fz_ws.l(ddiv.o)
    0x08007298   0x08007298   0x0000005e   Code   RO         1711    x$fpl$dfix          fz_ws.l(dfix.o)
    0x080072f6   0x080072f6   0x00000002   PAD
    0x080072f8   0x080072f8   0x00000154   Code   RO         1715    x$fpl$dmul          fz_ws.l(dmul.o)
    0x0800744c   0x0800744c   0x0000009c   Code   RO         1861    x$fpl$dnaninf       fz_ws.l(dnaninf.o)
    0x080074e8   0x080074e8   0x0000000c   Code   RO         1863    x$fpl$dretinf       fz_ws.l(dretinf.o)
    0x080074f4   0x080074f4   0x00000016   Code   RO         1702    x$fpl$drsb          fz_ws.l(daddsub_clz.o)
    0x0800750a   0x0800750a   0x00000002   PAD
    0x0800750c   0x0800750c   0x000001cc   Code   RO         1865    x$fpl$dsqrt         fz_ws.l(dsqrt_noumaal.o)
    0x080076d8   0x080076d8   0x000001d4   Code   RO         1703    x$fpl$dsub          fz_ws.l(daddsub_clz.o)
    0x080078ac   0x080078ac   0x00000056   Code   RO         1717    x$fpl$f2d           fz_ws.l(f2d.o)
    0x08007902   0x08007902   0x00000002   PAD
    0x08007904   0x08007904   0x000000c4   Code   RO         1719    x$fpl$fadd          fz_ws.l(faddsub_clz.o)
    0x080079c8   0x080079c8   0x00000018   Code   RO         1867    x$fpl$fcmpinf       fz_ws.l(fcmpi.o)
    0x080079e0   0x080079e0   0x00000184   Code   RO         1726    x$fpl$fdiv          fz_ws.l(fdiv.o)
    0x08007b64   0x08007b64   0x00000068   Code   RO         1729    x$fpl$feqf          fz_ws.l(feqf.o)
    0x08007bcc   0x08007bcc   0x00000036   Code   RO         1731    x$fpl$ffix          fz_ws.l(ffix.o)
    0x08007c02   0x08007c02   0x00000002   PAD
    0x08007c04   0x08007c04   0x0000003e   Code   RO         1735    x$fpl$ffixu         fz_ws.l(ffixu.o)
    0x08007c42   0x08007c42   0x00000002   PAD
    0x08007c44   0x08007c44   0x00000030   Code   RO         1740    x$fpl$fflt          fz_ws.l(fflt_clz.o)
    0x08007c74   0x08007c74   0x00000026   Code   RO         1739    x$fpl$ffltu         fz_ws.l(fflt_clz.o)
    0x08007c9a   0x08007c9a   0x00000002   PAD
    0x08007c9c   0x08007c9c   0x00000068   Code   RO         1745    x$fpl$fleqf         fz_ws.l(fleqf.o)
    0x08007d04   0x08007d04   0x00000102   Code   RO         1747    x$fpl$fmul          fz_ws.l(fmul.o)
    0x08007e06   0x08007e06   0x0000008c   Code   RO         1869    x$fpl$fnaninf       fz_ws.l(fnaninf.o)
    0x08007e92   0x08007e92   0x0000000a   Code   RO         1871    x$fpl$fretinf       fz_ws.l(fretinf.o)
    0x08007e9c   0x08007e9c   0x00000062   Code   RO         1749    x$fpl$frleqf        fz_ws.l(frleqf.o)
    0x08007efe   0x08007efe   0x00000014   Code   RO         1720    x$fpl$frsb          fz_ws.l(faddsub_clz.o)
    0x08007f12   0x08007f12   0x00000002   PAD
    0x08007f14   0x08007f14   0x000000ea   Code   RO         1721    x$fpl$fsub          fz_ws.l(faddsub_clz.o)
    0x08007ffe   0x08007ffe   0x00000004   Code   RO         1751    x$fpl$printf1       fz_ws.l(printf1.o)
    0x08008002   0x08008002   0x00000064   Code   RO         2031    x$fpl$retnan        fz_ws.l(retnan.o)
    0x08008066   0x08008066   0x0000005c   Code   RO         1873    x$fpl$scalbn        fz_ws.l(scalbn.o)
    0x080080c2   0x080080c2   0x00000030   Code   RO         2042    x$fpl$trapveneer    fz_ws.l(trapv.o)
    0x080080f2   0x080080f2   0x00000000   Code   RO         1875    x$fpl$usenofp       fz_ws.l(usenofp.o)
    0x080080f2   0x080080f2   0x00000011   Data   RO         1682    .constdata          c_w.l(__printf_flags_ss_wp.o)
    0x08008103   0x08008103   0x00000005   PAD
    0x08008108   0x08008108   0x00000050   Data   RO         1755    .constdata          m_ws.l(acos.o)
    0x08008158   0x08008158   0x00000050   Data   RO         1765    .constdata          m_ws.l(asin.o)
    0x080081a8   0x080081a8   0x00000008   Data   RO         1805    .constdata          c_w.l(_printf_wctomb.o)
    0x080081b0   0x080081b0   0x00000028   Data   RO         1834    .constdata          c_w.l(_printf_hex_int_ll_ptr.o)
    0x080081d8   0x080081d8   0x00000094   Data   RO         1930    .constdata          c_w.l(bigflt0.o)
    0x0800826c   0x0800826c   0x00000020   Data   RO         2115    Region$$Table       anon$$obj.o
    0x0800828c   0x0800828c   0x0000001c   Data   RO         1960    locale$$data        c_w.l(lc_numeric_c.o)
    0x080082a8   0x080082a8   0x00000110   Data   RO         2035    locale$$data        c_w.l(lc_ctype_c.o)


    Execution Region RW_IRAM1 (Exec base: 0x20000000, Load base: 0x080083b8, Size: 0x00005e78, Max: 0x00010000, ABSOLUTE, COMPRESSED[0x0000005c])

    Exec Addr    Load Addr    Size         Type   Attr      Idx    E Section Name        Object

    0x20000000   COMPRESSED   0x00000004   Data   RW          150    .data               delay.o
    0x20000004   COMPRESSED   0x00000006   Data   RW          260    .data               usart.o
    0x2000000a   COMPRESSED   0x00000002   PAD
    0x2000000c   COMPRESSED   0x00000024   Data   RW          314    .data               bj_motor.o
    0x20000030   COMPRESSED   0x00000004   Data   RW          419    .data               timer.o
    0x20000034   COMPRESSED   0x00000020   Data   RW          466    .data               control.o
    0x20000054   COMPRESSED   0x000000b0   Data   RW          604    .data               servo.o
    0x20000104   COMPRESSED   0x00000008   Data   RW          718    .data               usart2.o
    0x2000010c   COMPRESSED   0x0000000c   Data   RW          853    .data               openmv.o
    0x20000118   COMPRESSED   0x00000040   Data   RW         1262    .data               tasks.o
    0x20000158   COMPRESSED   0x0000001c   Data   RW         1528    .data               heap_4.o
    0x20000174   COMPRESSED   0x00000004   Data   RW         1588    .data               port.o
    0x20000178        -       0x000000c8   Zero   RW          259    .bss                usart.o
    0x20000240        -       0x000012c0   Zero   RW          717    .bss                usart2.o
    0x20001500        -       0x00000050   Zero   RW          852    .bss                openmv.o
    0x20001550        -       0x000000c8   Zero   RW         1261    .bss                tasks.o
    0x20001618        -       0x00004400   Zero   RW         1527    .bss                heap_4.o
    0x20005a18        -       0x00000060   Zero   RW         1970    .bss                c_w.l(libspace.o)
    0x20005a78        -       0x00000000   Zero   RW            2    HEAP                startup_stm32f10x_hd.o
    0x20005a78        -       0x00000400   Zero   RW            1    STACK               startup_stm32f10x_hd.o


==============================================================================

Image component sizes


      Code (inc. data)   RO Data    RW Data    ZI Data      Debug   Object Name

      1140        156          0         36          0       5401   bj_motor.o
      8092       1144          0         32          0      16189   control.o
       124         12          0          4          0       1344   delay.o
         0          0          0          0          0       2596   event_groups.o
       520         58          0         28      17408       5007   heap_4.o
        68         12          0          0          0        588   hmi.o
       148          0          0          0          0       3514   list.o
      1494        334          0         12         80       5800   openmv.o
       352         42          0          4          0       9086   port.o
      3268        482          0        176          0      11418   servo.o
        52         18        304          0       1024        848   startup_stm32f10x_hd.o
       428         44          0          0          0       3116   sys.o
      2160        300          0         64        200      27757   tasks.o
       236         40          0          4          0       1936   timer.o
       428        108          0          0          0     219386   transferrobot.o
       384         36          0          6        200       4360   usart.o
      1172        136          0          8       4800       7625   usart2.o

    ----------------------------------------------------------------------
     20076       2922        336        376      23712     325971   Object Totals
         0          0         32          0          0          0   (incl. Generated)
        10          0          0          2          0          0   (incl. Padding)

    ----------------------------------------------------------------------

      Code (inc. data)   RO Data    RW Data    ZI Data      Debug   Library Member Name

        24          4          0          0          0         84   __2printf.o
        90          0          0          0          0          0   __dczerorl2.o
         8          0          0          0          0         68   __main.o
       392          4         17          0          0         92   __printf_flags_ss_wp.o
        14          0          0          0          0         68   __printf_wp.o
         0          0          0          0          0          0   __rtentry.o
        12          0          0          0          0          0   __rtentry2.o
         6          0          0          0          0          0   __rtentry4.o
        52          8          0          0          0          0   __scatter.o
        28          0          0          0          0          0   __scatter_zi.o
         6          0          0          0          0          0   _printf_a.o
         6          0          0          0          0          0   _printf_c.o
        44          0          0          0          0        108   _printf_char.o
        48          6          0          0          0         96   _printf_char_common.o
        36          4          0          0          0         80   _printf_char_file.o
        40          0          0          0          0         68   _printf_charcount.o
         6          0          0          0          0          0   _printf_d.o
       120         16          0          0          0         92   _printf_dec.o
         6          0          0          0          0          0   _printf_e.o
         6          0          0          0          0          0   _printf_f.o
      1054          0          0          0          0        216   _printf_fp_dec.o
       128         16          0          0          0         84   _printf_fp_infnan.o
         6          0          0          0          0          0   _printf_g.o
       148          4         40          0          0        160   _printf_hex_int_ll_ptr.o
         6          0          0          0          0          0   _printf_i.o
       178          0          0          0          0         88   _printf_intcommon.o
        10          0          0          0          0          0   _printf_l.o
         6          0          0          0          0          0   _printf_lc.o
        10          0          0          0          0          0   _printf_ll.o
         6          0          0          0          0          0   _printf_lld.o
         6          0          0          0          0          0   _printf_lli.o
         6          0          0          0          0          0   _printf_llo.o
         6          0          0          0          0          0   _printf_llu.o
         6          0          0          0          0          0   _printf_llx.o
       124         16          0          0          0         92   _printf_longlong_dec.o
         6          0          0          0          0          0   _printf_ls.o
         6          0          0          0          0          0   _printf_n.o
         6          0          0          0          0          0   _printf_o.o
       112         10          0          0          0        124   _printf_oct_int_ll.o
         6          0          0          0          0          0   _printf_p.o
        78          0          0          0          0        108   _printf_pad.o
         0          0          0          0          0          0   _printf_percent.o
         4          0          0          0          0          0   _printf_percent_end.o
         6          0          0          0          0          0   _printf_s.o
        82          0          0          0          0         80   _printf_str.o
        36          0          0          0          0         84   _printf_truncate.o
         6          0          0          0          0          0   _printf_u.o
        44          0          0          0          0        108   _printf_wchar.o
       188          6          8          0          0         92   _printf_wctomb.o
         6          0          0          0          0          0   _printf_x.o
        22          0          0          0          0        100   _rserrno.o
        10          0          0          0          0         68   _sputc.o
        64          0          0          0          0         92   _wcrtomb.o
       228          4        148          0          0         96   bigflt0.o
      1936        128          0          0          0        672   btod.o
        36          4          0          0          0         76   c89vsprintf.o
        18          0          0          0          0         80   exit.o
         8          0          0          0          0         68   ferror.o
         6          0          0          0          0        152   heapauxi.o
        44         10        272          0          0         76   lc_ctype_c.o
        44         10         28          0          0         76   lc_numeric_c.o
         2          0          0          0          0          0   libinit.o
        30          0          0          0          0          0   libinit2.o
         2          0          0          0          0          0   libshutdown.o
         2          0          0          0          0          0   libshutdown2.o
         8          4          0          0         96         68   libspace.o
       138          0          0          0          0         80   lludiv10.o
        16          4          0          0          0         76   rt_ctype_table.o
         8          4          0          0          0         68   rt_errno_addr_intlibspace.o
         8          4          0          0          0         68   rt_locale_intlibspace.o
        78          0          0          0          0         80   rt_memclr_w.o
         2          0          0          0          0          0   rtexit.o
        10          0          0          0          0          0   rtexit2.o
       128          0          0          0          0         68   strcmpv7m.o
        62          0          0          0          0         76   strlen.o
        74          0          0          0          0         80   sys_stackheap_outer.o
         2          0          0          0          0         68   use_no_semi.o
         2          0          0          0          0         68   use_no_semi_2.o
        98          4          0          0          0         92   d2f.o
       826         16          0          0          0        348   daddsub_clz.o
        16          4          0          0          0         68   dcheck1.o
       688        140          0          0          0        208   ddiv.o
        94          4          0          0          0         92   dfix.o
       340         12          0          0          0        104   dmul.o
       156          4          0          0          0         92   dnaninf.o
        12          0          0          0          0         68   dretinf.o
       460         56          0          0          0        120   dsqrt_noumaal.o
        86          4          0          0          0         84   f2d.o
       450          8          0          0          0        236   faddsub_clz.o
        24          0          0          0          0         68   fcmpi.o
       388         76          0          0          0         96   fdiv.o
       104          4          0          0          0         84   feqf.o
        54          4          0          0          0         84   ffix.o
        62          4          0          0          0         84   ffixu.o
        86          0          0          0          0        136   fflt_clz.o
       104          4          0          0          0         84   fleqf.o
       258          4          0          0          0         84   fmul.o
       140          4          0          0          0         84   fnaninf.o
        10          0          0          0          0         68   fretinf.o
        98          0          0          0          0         68   frleqf.o
         4          0          0          0          0         68   printf1.o
       100          0          0          0          0         68   retnan.o
        92          0          0          0          0         68   scalbn.o
        48          0          0          0          0         68   trapv.o
         0          0          0          0          0          0   usenofp.o
       636         62         80          0          0        188   acos.o
       624         52         80          0          0        168   asin.o
        34          6          0          0          0        204   dunder.o
        40          0          0          0          0         68   fpclassify.o
       170          0          0          0          0         96   poly.o
        76          0          0          0          0         84   sqrt.o

    ----------------------------------------------------------------------
     12630        738        678          0         96       7880   Library Totals
        34          0          5          0          0          0   (incl. Padding)

    ----------------------------------------------------------------------

      Code (inc. data)   RO Data    RW Data    ZI Data      Debug   Library Name

      6218        266        513          0         96       4348   c_w.l
      4798        352          0          0          0       2724   fz_ws.l
      1580        120        160          0          0        808   m_ws.l

    ----------------------------------------------------------------------
     12630        738        678          0         96       7880   Library Totals

    ----------------------------------------------------------------------

==============================================================================


      Code (inc. data)   RO Data    RW Data    ZI Data      Debug   

     32706       3660       1014        376      23808     323811   Grand Totals
     32706       3660       1014         92      23808     323811   ELF Image Totals (compressed)
     32706       3660       1014         92          0          0   ROM Totals

==============================================================================

    Total RO  Size (Code + RO Data)                33720 (  32.93kB)
    Total RW  Size (RW Data + ZI Data)             24184 (  23.62kB)
    Total ROM Size (Code + RO Data + RW Data)      33812 (  33.02kB)

==============================================================================

